Reading edges
Reading pairs
Solving problem
SCIP
mip_gap: 0
branching: relpscost (relpscost)
protocol: controlled-bbmdp
seed: 0
pairs size: 7
nodes size: 287
edges size: 330
copy   num: 4
Solving...
presolving:
(round 1, fast)       3556 del vars, 6859 del conss, 0 add conss, 2264 chg bounds, 10088 chg sides, 19284 chg coeffs, 0 upgd conss, 0 impls, 911 clqs
(round 2, fast)       4762 del vars, 8710 del conss, 0 add conss, 2315 chg bounds, 10200 chg sides, 19284 chg coeffs, 0 upgd conss, 0 impls, 771 clqs
(round 3, fast)       5434 del vars, 8830 del conss, 0 add conss, 2315 chg bounds, 10200 chg sides, 19284 chg coeffs, 0 upgd conss, 0 impls, 767 clqs
(round 4, fast)       5469 del vars, 8843 del conss, 0 add conss, 2315 chg bounds, 10208 chg sides, 19284 chg coeffs, 0 upgd conss, 0 impls, 767 clqs
(round 5, fast)       5485 del vars, 8843 del conss, 0 add conss, 3075 chg bounds, 10208 chg sides, 19284 chg coeffs, 0 upgd conss, 0 impls, 767 clqs
(round 6, fast)       5865 del vars, 9635 del conss, 0 add conss, 3075 chg bounds, 10488 chg sides, 19284 chg coeffs, 0 upgd conss, 0 impls, 767 clqs
(round 7, exhaustive) 5865 del vars, 9643 del conss, 0 add conss, 3075 chg bounds, 10488 chg sides, 19284 chg coeffs, 770 upgd conss, 0 impls, 767 clqs
   (0.4s) probing: 51/1860 (2.7%) - 0 fixings, 0 aggregations, 0 implications, 0 bound changes
   (0.4s) probing aborted: 50/50 successive totally useless probings
   (0.5s) symmetry computation started: requiring (bin +, int -, cont +), (fixed: bin -, int +, cont -)
   (0.5s) symmetry computation finished: 9 generators found (max: 1500, log10 of symmetry group size: 2.7)
   (0.5s) no symmetry on binary variables present.
presolving (8 rounds: 8 fast, 2 medium, 2 exhaustive):
 5865 deleted vars, 9643 deleted constraints, 9 added constraints, 3075 tightened bounds, 0 added holes, 10488 changed sides, 19284 changed coefficients
 0 implications, 767 cliques
presolved problem has 4881 variables (1860 bin, 0 int, 0 impl, 3021 cont) and 12441 constraints
      3 constraints of type <knapsack>
    767 constraints of type <setppc>
  11671 constraints of type <linear>
Presolving Time: 0.46

 time | node  | left  |LP iter|LP it/n|mem/heur|mdpt |vars |cons |rows |cuts |sepa|confs|strbr|  dualbound   | primalbound  |  gap   | compl. 
p 0.7s|     1 |     0 |  1773 |     - |shiftand|   0 |4881 |  12k|  12k|   0 |  0 |   3 |   0 | 3.988000e-04 | 3.324003e-03 | 733.50%| unknown
  0.8s|     1 |     0 |  2842 |     - |   128M |   0 |4881 |  12k|  12k|   0 |  0 |   3 |   0 | 2.277600e-03 | 3.324003e-03 |  45.94%| unknown
  0.9s|     1 |     0 |  2851 |     - |   130M |   0 |4881 |  12k|  12k|   1 |  1 |   4 |   0 | 2.277600e-03 | 3.324003e-03 |  45.94%| unknown
  0.9s|     1 |     0 |  2857 |     - |   131M |   0 |4881 |  12k|  12k|   3 |  2 |   4 |   0 | 2.277600e-03 | 3.324003e-03 |  45.94%| unknown
  0.9s|     1 |     0 |  2863 |     - |   133M |   0 |4881 |  12k|  12k|   4 |  3 |   4 |   0 | 2.277600e-03 | 3.324003e-03 |  45.94%| unknown
  1.0s|     1 |     0 |  2879 |     - |   134M |   0 |4881 |  12k|  12k|   5 |  4 |   4 |   0 | 2.277600e-03 | 3.324003e-03 |  45.94%| unknown
  1.0s|     1 |     0 |  2884 |     - |   136M |   0 |4881 |  12k|  12k|   7 |  5 |   4 |   0 | 2.277600e-03 | 3.324003e-03 |  45.94%| unknown
  1.1s|     1 |     0 |  2900 |     - |   137M |   0 |4881 |  12k|  12k|   8 |  6 |   4 |   0 | 2.277600e-03 | 3.324003e-03 |  45.94%| unknown
  1.1s|     1 |     0 |  2909 |     - |   139M |   0 |4881 |  12k|  12k|   9 |  7 |   5 |   0 | 2.277600e-03 | 3.324003e-03 |  45.94%| unknown
  1.2s|     1 |     0 |  2930 |     - |   141M |   0 |4881 |  12k|  12k|  10 |  8 |   5 |   0 | 2.277600e-03 | 3.324003e-03 |  45.94%| unknown
  1.2s|     1 |     0 |  2952 |     - |   143M |   0 |4881 |  12k|  12k|  11 |  9 |   8 |   0 | 2.277600e-03 | 3.324003e-03 |  45.94%| unknown
  1.2s|     1 |     0 |  2960 |     - |   144M |   0 |4881 |  12k|  12k|  12 | 10 |   9 |   0 | 2.277600e-03 | 3.324003e-03 |  45.94%| unknown
  1.3s|     1 |     0 |  2968 |     - |   145M |   0 |4881 |  12k|  12k|  14 | 11 |   9 |   0 | 2.277600e-03 | 3.324003e-03 |  45.94%| unknown
  2.3s|     1 |     2 |  3505 |     - |   147M |   0 |4881 |  12k|  12k|  14 | 11 |  11 |  19 | 2.277600e-03 | 3.324003e-03 |  45.94%| unknown
* 3.7s|     7 |     0 |  3579 | 397.3 |strongbr|   6 |4881 |  12k|  12k|  14 |  0 |  11 |  87 | 2.277600e-03 | 2.277600e-03 |   0.00%|  99.43%

SCIP Status        : problem is solved [optimal solution found]
Solving Time (sec) : 3.74
Solving Nodes      : 7
Primal Bound       : +2.27760000000000e-03 (2 solutions)
Dual Bound         : +2.27760000000000e-03
Gap                : 0.00 %
OPTIMAL
Solution:
Objective value = 0.0022776
Checking cycles
No cycle
Total best res: 0.0025445
Outputing results
Execute success
