[1/430] controlled-bbmdp real_08 default seed=3 rc=0
[2/430] controlled-bbmdp real_08 default seed=4 rc=0
[3/430] controlled-bbmdp real_08 relpscost seed=0 rc=0
[4/430] controlled-bbmdp real_08 default seed=0 rc=0
[5/430] controlled-bbmdp real_08 default seed=1 rc=0
[6/430] controlled-bbmdp real_08 relpscost seed=2 rc=0
[7/430] controlled-bbmdp real_08 relpscost seed=1 rc=0
[8/430] controlled-bbmdp real_08 default seed=2 rc=0
[9/430] controlled-bbmdp real_08 relpscost seed=3 rc=0
[10/430] controlled-bbmdp real_08 relpscost seed=4 rc=0
[11/430] controlled-bbmdp real_08 random seed=0 rc=0
[12/430] controlled-bbmdp real_08 random seed=1 rc=0
[13/430] controlled-bbmdp real_08 random seed=2 rc=0
[14/430] controlled-bbmdp real_08 random seed=3 rc=0
[15/430] controlled-bbmdp real_08 random seed=4 rc=0
[16/430] controlled-bbmdp real_08 mostinf seed=0 rc=0
[17/430] controlled-bbmdp real_08 mostinf seed=1 rc=0
[18/430] controlled-bbmdp real_08 mostinf seed=2 rc=0
[19/430] controlled-bbmdp real_08 mostinf seed=3 rc=0
[20/430] controlled-bbmdp real_08 mostinf seed=4 rc=0
[21/430] controlled-bbmdp real_08 rl-mlp seed=0 rc=0
[22/430] controlled-bbmdp real_08 rl-mlp seed=1 rc=0
[23/430] controlled-bbmdp real_08 rl-mlp seed=2 rc=0
[24/430] controlled-bbmdp real_08 rl-mlp seed=3 rc=0
[25/430] controlled-bbmdp real_08 rl-mlp seed=4 rc=0
[26/430] controlled-bbmdp real_08 rl-gcnn seed=1 rc=0
[27/430] controlled-bbmdp real_08 rl-gcnn seed=0 rc=0
[28/430] controlled-bbmdp real_08 rl-gcnn seed=2 rc=0
[29/430] controlled-bbmdp real_08 rl-gcnn seed=3 rc=0
[30/430] controlled-bbmdp real_08 rl-gcnn seed=4 rc=0
[31/430] controlled-bbmdp real_09 default seed=0 rc=0
[32/430] controlled-bbmdp real_09 default seed=1 rc=0
[33/430] controlled-bbmdp real_09 default seed=2 rc=0
[34/430] controlled-bbmdp real_09 default seed=3 rc=0
[35/430] controlled-bbmdp real_09 default seed=4 rc=0
[36/430] controlled-bbmdp real_09 relpscost seed=0 rc=0
[37/430] controlled-bbmdp real_09 relpscost seed=1 rc=0
[38/430] controlled-bbmdp real_09 relpscost seed=2 rc=0
[39/430] controlled-bbmdp real_09 relpscost seed=3 rc=0
[40/430] controlled-bbmdp real_09 relpscost seed=4 rc=0
[41/430] controlled-bbmdp real_09 random seed=0 rc=0
[42/430] controlled-bbmdp real_09 random seed=1 rc=0
[43/430] controlled-bbmdp real_09 random seed=3 rc=0
[44/430] controlled-bbmdp real_09 random seed=2 rc=0
[45/430] controlled-bbmdp real_09 random seed=4 rc=0
[46/430] controlled-bbmdp real_09 mostinf seed=0 rc=0
[47/430] controlled-bbmdp real_09 mostinf seed=1 rc=0
[48/430] controlled-bbmdp real_09 mostinf seed=2 rc=0
[49/430] controlled-bbmdp real_09 mostinf seed=3 rc=0
[50/430] controlled-bbmdp real_09 mostinf seed=4 rc=0
[51/430] controlled-bbmdp real_09 strong seed=0 rc=0
[52/430] controlled-bbmdp real_09 strong seed=1 rc=0
[53/430] controlled-bbmdp real_09 strong seed=2 rc=0
[54/430] controlled-bbmdp real_09 strong seed=3 rc=0
[55/430] controlled-bbmdp real_09 strong seed=4 rc=0
[56/430] controlled-bbmdp real_09 rl-mlp seed=0 rc=0
[57/430] controlled-bbmdp real_09 rl-mlp seed=1 rc=0
[58/430] controlled-bbmdp real_09 rl-mlp seed=2 rc=0
[59/430] controlled-bbmdp real_09 rl-mlp seed=3 rc=0
[60/430] controlled-bbmdp real_09 rl-mlp seed=4 rc=0
[61/430] controlled-bbmdp real_09 rl-gcnn seed=0 rc=0
[62/430] controlled-bbmdp real_09 rl-gcnn seed=1 rc=0
[63/430] controlled-bbmdp real_09 rl-gcnn seed=2 rc=0
[64/430] controlled-bbmdp real_09 rl-gcnn seed=3 rc=0
[65/430] controlled-bbmdp real_09 rl-gcnn seed=4 rc=0
[66/430] controlled-bbmdp real_01 default seed=0 rc=0
[67/430] controlled-bbmdp real_01 default seed=1 rc=0
[68/430] controlled-bbmdp real_01 default seed=3 rc=0
[69/430] controlled-bbmdp real_01 default seed=2 rc=0
[70/430] controlled-bbmdp real_01 default seed=4 rc=0
[71/430] controlled-bbmdp real_01 relpscost seed=0 rc=0
[72/430] controlled-bbmdp real_01 relpscost seed=1 rc=0
[73/430] controlled-bbmdp real_01 relpscost seed=2 rc=0
[74/430] controlled-bbmdp real_01 relpscost seed=3 rc=0
[75/430] controlled-bbmdp real_01 relpscost seed=4 rc=0
[76/430] controlled-bbmdp real_01 random seed=0 rc=0
[77/430] controlled-bbmdp real_01 random seed=1 rc=0
[78/430] controlled-bbmdp real_01 random seed=2 rc=0
[79/430] controlled-bbmdp real_01 random seed=3 rc=0
[80/430] controlled-bbmdp real_01 random seed=4 rc=0
[81/430] controlled-bbmdp real_01 mostinf seed=0 rc=0
[82/430] controlled-bbmdp real_01 mostinf seed=1 rc=0
[83/430] controlled-bbmdp real_01 mostinf seed=2 rc=0
[84/430] controlled-bbmdp real_01 mostinf seed=3 rc=0
[85/430] controlled-bbmdp real_01 mostinf seed=4 rc=0
[86/430] controlled-bbmdp real_01 rl-mlp seed=0 rc=0
[87/430] controlled-bbmdp real_01 rl-mlp seed=1 rc=0
[88/430] controlled-bbmdp real_01 rl-mlp seed=2 rc=0
[89/430] controlled-bbmdp real_01 rl-mlp seed=3 rc=0
[90/430] controlled-bbmdp real_01 rl-mlp seed=4 rc=0
[91/430] controlled-bbmdp real_01 rl-gcnn seed=0 rc=0
[92/430] controlled-bbmdp real_01 rl-gcnn seed=1 rc=0
[93/430] controlled-bbmdp real_01 rl-gcnn seed=3 rc=0
[94/430] controlled-bbmdp real_01 rl-gcnn seed=2 rc=0
[95/430] controlled-bbmdp real_01 rl-gcnn seed=4 rc=0
[96/430] controlled-bbmdp real_02 default seed=0 rc=0
[97/430] controlled-bbmdp real_02 default seed=1 rc=0
[98/430] controlled-bbmdp real_02 default seed=2 rc=0
[99/430] controlled-bbmdp real_02 default seed=3 rc=0
[100/430] controlled-bbmdp real_02 default seed=4 rc=0
[101/430] controlled-bbmdp real_02 relpscost seed=0 rc=0
[102/430] controlled-bbmdp real_02 relpscost seed=1 rc=0
[103/430] controlled-bbmdp real_02 relpscost seed=2 rc=0
[104/430] controlled-bbmdp real_02 relpscost seed=3 rc=0
[105/430] controlled-bbmdp real_02 relpscost seed=4 rc=0
[106/430] controlled-bbmdp real_02 random seed=0 rc=0
[107/430] controlled-bbmdp real_02 random seed=1 rc=0
[108/430] controlled-bbmdp real_02 random seed=2 rc=0
[109/430] controlled-bbmdp real_02 random seed=3 rc=0
[110/430] controlled-bbmdp real_02 random seed=4 rc=0
[111/430] controlled-bbmdp real_02 mostinf seed=0 rc=0
[112/430] controlled-bbmdp real_02 mostinf seed=2 rc=0
[113/430] controlled-bbmdp real_02 mostinf seed=1 rc=0
[114/430] controlled-bbmdp real_02 mostinf seed=3 rc=0
[115/430] controlled-bbmdp real_02 mostinf seed=4 rc=0
[116/430] controlled-bbmdp real_02 rl-mlp seed=0 rc=0
[117/430] controlled-bbmdp real_02 rl-mlp seed=1 rc=0
[118/430] controlled-bbmdp real_02 rl-mlp seed=2 rc=0
[119/430] controlled-bbmdp real_02 rl-mlp seed=3 rc=0
[120/430] controlled-bbmdp real_02 rl-mlp seed=4 rc=0
[121/430] controlled-bbmdp real_02 rl-gcnn seed=1 rc=0
[122/430] controlled-bbmdp real_02 rl-gcnn seed=0 rc=0
[123/430] controlled-bbmdp real_02 rl-gcnn seed=2 rc=0
[124/430] controlled-bbmdp real_02 rl-gcnn seed=3 rc=0
[125/430] controlled-bbmdp real_02 rl-gcnn seed=4 rc=0
[126/430] controlled-bbmdp real_03 default seed=0 rc=0
[127/430] controlled-bbmdp real_03 default seed=1 rc=0
[128/430] controlled-bbmdp real_03 default seed=3 rc=0
[129/430] controlled-bbmdp real_03 default seed=2 rc=0
[130/430] controlled-bbmdp real_03 default seed=4 rc=0
[131/430] controlled-bbmdp real_03 relpscost seed=0 rc=0
[132/430] controlled-bbmdp real_03 relpscost seed=1 rc=0
[133/430] controlled-bbmdp real_03 relpscost seed=2 rc=0
[134/430] controlled-bbmdp real_03 relpscost seed=3 rc=0
[135/430] controlled-bbmdp real_03 relpscost seed=4 rc=0
[136/430] controlled-bbmdp real_03 random seed=0 rc=0
[137/430] controlled-bbmdp real_03 random seed=1 rc=0
[138/430] controlled-bbmdp real_03 random seed=2 rc=0
[139/430] controlled-bbmdp real_03 random seed=4 rc=0
[140/430] controlled-bbmdp real_03 random seed=3 rc=0
[141/430] controlled-bbmdp real_03 mostinf seed=0 rc=0
[142/430] controlled-bbmdp real_03 mostinf seed=1 rc=0
[143/430] controlled-bbmdp real_03 mostinf seed=2 rc=0
[144/430] controlled-bbmdp real_03 mostinf seed=3 rc=0
[145/430] controlled-bbmdp real_03 mostinf seed=4 rc=0
[146/430] controlled-bbmdp real_03 rl-mlp seed=0 rc=0
[147/430] controlled-bbmdp real_03 rl-mlp seed=1 rc=0
[148/430] controlled-bbmdp real_03 rl-mlp seed=2 rc=0
[149/430] controlled-bbmdp real_03 rl-mlp seed=3 rc=0
[150/430] controlled-bbmdp real_03 rl-mlp seed=4 rc=0
[151/430] controlled-bbmdp real_03 rl-gcnn seed=0 rc=0
[152/430] controlled-bbmdp real_03 rl-gcnn seed=1 rc=0
[153/430] controlled-bbmdp real_03 rl-gcnn seed=2 rc=0
[154/430] controlled-bbmdp real_03 rl-gcnn seed=3 rc=0
[155/430] controlled-bbmdp real_03 rl-gcnn seed=4 rc=0
[156/430] controlled-bbmdp real_04 default seed=0 rc=0
[157/430] controlled-bbmdp real_04 default seed=1 rc=0
[158/430] controlled-bbmdp real_04 default seed=2 rc=0
[159/430] controlled-bbmdp real_04 default seed=3 rc=0
[160/430] controlled-bbmdp real_04 default seed=4 rc=0
[161/430] controlled-bbmdp real_04 relpscost seed=0 rc=0
[162/430] controlled-bbmdp real_04 relpscost seed=1 rc=0
[163/430] controlled-bbmdp real_04 relpscost seed=2 rc=0
[164/430] controlled-bbmdp real_04 relpscost seed=3 rc=0
[165/430] controlled-bbmdp real_04 relpscost seed=4 rc=0
[166/430] controlled-bbmdp real_04 random seed=0 rc=0
[167/430] controlled-bbmdp real_04 random seed=1 rc=0
[168/430] controlled-bbmdp real_04 random seed=2 rc=0
[169/430] controlled-bbmdp real_04 random seed=3 rc=0
[170/430] controlled-bbmdp real_04 random seed=4 rc=0
[171/430] controlled-bbmdp real_04 mostinf seed=0 rc=0
[172/430] controlled-bbmdp real_04 mostinf seed=1 rc=0
[173/430] controlled-bbmdp real_04 mostinf seed=2 rc=0
[174/430] controlled-bbmdp real_04 mostinf seed=4 rc=0
[175/430] controlled-bbmdp real_04 mostinf seed=3 rc=0
[176/430] controlled-bbmdp real_04 rl-mlp seed=0 rc=0
[177/430] controlled-bbmdp real_04 rl-mlp seed=1 rc=0
[178/430] controlled-bbmdp real_04 rl-mlp seed=2 rc=0
[179/430] controlled-bbmdp real_04 rl-mlp seed=3 rc=0
[180/430] controlled-bbmdp real_04 rl-mlp seed=4 rc=0
[181/430] controlled-bbmdp real_04 rl-gcnn seed=0 rc=0
[182/430] controlled-bbmdp real_04 rl-gcnn seed=1 rc=0
[183/430] controlled-bbmdp real_04 rl-gcnn seed=2 rc=0
[184/430] controlled-bbmdp real_04 rl-gcnn seed=3 rc=0
[185/430] controlled-bbmdp real_05 default seed=0 rc=0
[186/430] controlled-bbmdp real_04 rl-gcnn seed=4 rc=0
[187/430] controlled-bbmdp real_05 default seed=1 rc=0
[188/430] controlled-bbmdp real_05 default seed=2 rc=0
[189/430] controlled-bbmdp real_05 default seed=3 rc=0
[190/430] controlled-bbmdp real_05 default seed=4 rc=0
[191/430] controlled-bbmdp real_05 relpscost seed=0 rc=0
[192/430] controlled-bbmdp real_05 relpscost seed=1 rc=0
[193/430] controlled-bbmdp real_05 relpscost seed=2 rc=0
[194/430] controlled-bbmdp real_05 relpscost seed=3 rc=0
[195/430] controlled-bbmdp real_05 relpscost seed=4 rc=0
[196/430] controlled-bbmdp real_05 random seed=0 rc=0
[197/430] controlled-bbmdp real_05 random seed=1 rc=0
[198/430] controlled-bbmdp real_05 random seed=2 rc=0
[199/430] controlled-bbmdp real_05 random seed=3 rc=0
[200/430] controlled-bbmdp real_05 random seed=4 rc=0
[201/430] controlled-bbmdp real_05 mostinf seed=0 rc=0
[202/430] controlled-bbmdp real_05 mostinf seed=1 rc=0
[203/430] controlled-bbmdp real_05 mostinf seed=2 rc=0
[204/430] controlled-bbmdp real_05 mostinf seed=3 rc=0
[205/430] controlled-bbmdp real_05 mostinf seed=4 rc=0
[206/430] controlled-bbmdp real_05 rl-mlp seed=0 rc=0
[207/430] controlled-bbmdp real_05 rl-mlp seed=1 rc=0
[208/430] controlled-bbmdp real_05 rl-mlp seed=2 rc=0
[209/430] controlled-bbmdp real_05 rl-mlp seed=3 rc=0
[210/430] controlled-bbmdp real_05 rl-mlp seed=4 rc=0
[211/430] controlled-bbmdp real_05 rl-gcnn seed=0 rc=0
[212/430] controlled-bbmdp real_05 rl-gcnn seed=1 rc=0
[213/430] controlled-bbmdp real_05 rl-gcnn seed=2 rc=0
[214/430] controlled-bbmdp real_05 rl-gcnn seed=3 rc=0
[215/430] production-scip real_08 default seed=0 rc=0
[216/430] controlled-bbmdp real_05 rl-gcnn seed=4 rc=0
[217/430] production-scip real_08 default seed=1 rc=0
[218/430] production-scip real_08 default seed=2 rc=0
[219/430] production-scip real_08 default seed=3 rc=0
[220/430] production-scip real_08 default seed=4 rc=0
[221/430] production-scip real_08 relpscost seed=0 rc=0
[222/430] production-scip real_08 relpscost seed=1 rc=0
[223/430] production-scip real_08 relpscost seed=2 rc=0
[224/430] production-scip real_08 relpscost seed=3 rc=0
[225/430] production-scip real_08 relpscost seed=4 rc=0
[226/430] production-scip real_08 random seed=0 rc=0
[227/430] production-scip real_08 random seed=1 rc=0
[228/430] production-scip real_08 random seed=2 rc=0
[229/430] production-scip real_08 random seed=3 rc=0
[230/430] production-scip real_08 random seed=4 rc=0
[231/430] production-scip real_08 mostinf seed=0 rc=0
[232/430] production-scip real_08 mostinf seed=1 rc=0
[233/430] production-scip real_08 mostinf seed=2 rc=0
[234/430] production-scip real_08 mostinf seed=3 rc=0
[235/430] production-scip real_08 mostinf seed=4 rc=0
[236/430] production-scip real_08 rl-mlp seed=0 rc=0
[237/430] production-scip real_08 rl-mlp seed=1 rc=0
[238/430] production-scip real_08 rl-mlp seed=2 rc=0
[239/430] production-scip real_08 rl-mlp seed=3 rc=0
[240/430] production-scip real_08 rl-mlp seed=4 rc=0
[241/430] production-scip real_08 rl-gcnn seed=0 rc=0
[242/430] production-scip real_08 rl-gcnn seed=1 rc=0
[243/430] production-scip real_08 rl-gcnn seed=2 rc=0
[244/430] production-scip real_08 rl-gcnn seed=3 rc=0
[245/430] production-scip real_09 default seed=0 rc=0
[246/430] production-scip real_09 default seed=1 rc=0
[247/430] production-scip real_09 default seed=2 rc=0
[248/430] production-scip real_09 default seed=3 rc=0
[249/430] production-scip real_09 default seed=4 rc=0
[250/430] production-scip real_09 relpscost seed=0 rc=0
[251/430] production-scip real_09 relpscost seed=1 rc=0
[252/430] production-scip real_09 relpscost seed=2 rc=0
[253/430] production-scip real_08 rl-gcnn seed=4 rc=0
[254/430] production-scip real_09 relpscost seed=3 rc=0
[255/430] production-scip real_09 relpscost seed=4 rc=0
[256/430] production-scip real_09 random seed=0 rc=0
[257/430] production-scip real_09 random seed=1 rc=0
[258/430] production-scip real_09 random seed=2 rc=0
[259/430] production-scip real_09 random seed=3 rc=0
[260/430] production-scip real_09 random seed=4 rc=0
[261/430] production-scip real_09 mostinf seed=0 rc=0
[262/430] production-scip real_09 mostinf seed=1 rc=0
[263/430] production-scip real_09 mostinf seed=2 rc=0
[264/430] production-scip real_09 mostinf seed=3 rc=0
[265/430] production-scip real_09 mostinf seed=4 rc=0
[266/430] production-scip real_09 strong seed=1 rc=0
[267/430] production-scip real_09 strong seed=2 rc=0
[268/430] production-scip real_09 strong seed=3 rc=0
[269/430] production-scip real_09 strong seed=0 rc=0
[270/430] production-scip real_09 strong seed=4 rc=0
[271/430] production-scip real_09 rl-mlp seed=1 rc=0
[272/430] production-scip real_09 rl-mlp seed=0 rc=0
[273/430] production-scip real_09 rl-mlp seed=2 rc=0
[274/430] production-scip real_09 rl-mlp seed=3 rc=0
[275/430] production-scip real_09 rl-mlp seed=4 rc=0
[276/430] production-scip real_09 rl-gcnn seed=0 rc=0
[277/430] production-scip real_09 rl-gcnn seed=1 rc=0
[278/430] production-scip real_09 rl-gcnn seed=2 rc=0
[279/430] production-scip real_09 rl-gcnn seed=3 rc=0
[280/430] production-scip real_09 rl-gcnn seed=4 rc=0
[281/430] production-scip real_01 default seed=0 rc=0
[282/430] production-scip real_01 default seed=1 rc=0
[283/430] production-scip real_01 default seed=2 rc=0
[284/430] production-scip real_01 default seed=3 rc=0
[285/430] production-scip real_01 default seed=4 rc=0
[286/430] production-scip real_01 relpscost seed=0 rc=0
[287/430] production-scip real_01 relpscost seed=1 rc=0
[288/430] production-scip real_01 relpscost seed=2 rc=0
[289/430] production-scip real_01 relpscost seed=3 rc=0
[290/430] production-scip real_01 relpscost seed=4 rc=0
[291/430] production-scip real_01 random seed=0 rc=0
[292/430] production-scip real_01 random seed=1 rc=0
[293/430] production-scip real_01 random seed=2 rc=0
[294/430] production-scip real_01 random seed=3 rc=0
[295/430] production-scip real_01 random seed=4 rc=0
[296/430] production-scip real_01 mostinf seed=0 rc=0
[297/430] production-scip real_01 mostinf seed=1 rc=0
[298/430] production-scip real_01 mostinf seed=2 rc=0
[299/430] production-scip real_01 mostinf seed=3 rc=0
[300/430] production-scip real_01 mostinf seed=4 rc=0
[301/430] production-scip real_01 rl-mlp seed=0 rc=0
[302/430] production-scip real_01 rl-mlp seed=1 rc=0
[303/430] production-scip real_01 rl-mlp seed=2 rc=0
[304/430] production-scip real_01 rl-mlp seed=3 rc=0
[305/430] production-scip real_01 rl-mlp seed=4 rc=0
[306/430] production-scip real_01 rl-gcnn seed=0 rc=0
[307/430] production-scip real_01 rl-gcnn seed=1 rc=0
[308/430] production-scip real_01 rl-gcnn seed=2 rc=0
[309/430] production-scip real_01 rl-gcnn seed=3 rc=0
[310/430] production-scip real_02 default seed=0 rc=0
[311/430] production-scip real_01 rl-gcnn seed=4 rc=0
[312/430] production-scip real_02 default seed=1 rc=0
[313/430] production-scip real_02 default seed=2 rc=0
[314/430] production-scip real_02 default seed=4 rc=0
[315/430] production-scip real_02 default seed=3 rc=0
[316/430] production-scip real_02 relpscost seed=0 rc=0
[317/430] production-scip real_02 relpscost seed=1 rc=0
[318/430] production-scip real_02 relpscost seed=2 rc=0
[319/430] production-scip real_02 relpscost seed=3 rc=0
[320/430] production-scip real_02 relpscost seed=4 rc=0
[321/430] production-scip real_02 random seed=0 rc=0
[322/430] production-scip real_02 random seed=1 rc=0
[323/430] production-scip real_02 random seed=2 rc=0
[324/430] production-scip real_02 random seed=3 rc=0
[325/430] production-scip real_02 random seed=4 rc=0
[326/430] production-scip real_02 mostinf seed=0 rc=0
[327/430] production-scip real_02 mostinf seed=1 rc=0
[328/430] production-scip real_02 mostinf seed=2 rc=0
[329/430] production-scip real_02 mostinf seed=3 rc=0
[330/430] production-scip real_02 mostinf seed=4 rc=0
[331/430] production-scip real_02 rl-mlp seed=0 rc=0
[332/430] production-scip real_02 rl-mlp seed=1 rc=0
[333/430] production-scip real_02 rl-mlp seed=2 rc=0
[334/430] production-scip real_02 rl-mlp seed=3 rc=0
[335/430] production-scip real_02 rl-mlp seed=4 rc=0
[336/430] production-scip real_02 rl-gcnn seed=0 rc=0
[337/430] production-scip real_02 rl-gcnn seed=1 rc=0
[338/430] production-scip real_02 rl-gcnn seed=2 rc=0
[339/430] production-scip real_02 rl-gcnn seed=3 rc=0
[340/430] production-scip real_03 default seed=0 rc=0
[341/430] production-scip real_02 rl-gcnn seed=4 rc=0
[342/430] production-scip real_03 default seed=1 rc=0
[343/430] production-scip real_03 default seed=2 rc=0
[344/430] production-scip real_03 default seed=3 rc=0
[345/430] production-scip real_03 default seed=4 rc=0
[346/430] production-scip real_03 relpscost seed=0 rc=0
[347/430] production-scip real_03 relpscost seed=1 rc=0
[348/430] production-scip real_03 relpscost seed=2 rc=0
[349/430] production-scip real_03 relpscost seed=3 rc=0
[350/430] production-scip real_03 relpscost seed=4 rc=0
[351/430] production-scip real_03 random seed=0 rc=0
[352/430] production-scip real_03 random seed=1 rc=0
[353/430] production-scip real_03 random seed=2 rc=0
[354/430] production-scip real_03 random seed=3 rc=0
[355/430] production-scip real_03 random seed=4 rc=0
[356/430] production-scip real_03 mostinf seed=0 rc=0
[357/430] production-scip real_03 mostinf seed=1 rc=0
[358/430] production-scip real_03 mostinf seed=2 rc=0
[359/430] production-scip real_03 mostinf seed=3 rc=0
[360/430] production-scip real_03 mostinf seed=4 rc=0
[361/430] production-scip real_03 rl-mlp seed=0 rc=0
[362/430] production-scip real_03 rl-mlp seed=1 rc=0
[363/430] production-scip real_03 rl-mlp seed=2 rc=0
[364/430] production-scip real_03 rl-mlp seed=3 rc=0
[365/430] production-scip real_03 rl-mlp seed=4 rc=0
[366/430] production-scip real_03 rl-gcnn seed=0 rc=0
[367/430] production-scip real_03 rl-gcnn seed=1 rc=0
[368/430] production-scip real_03 rl-gcnn seed=2 rc=0
[369/430] production-scip real_03 rl-gcnn seed=3 rc=0
[370/430] production-scip real_03 rl-gcnn seed=4 rc=0
[371/430] production-scip real_04 default seed=0 rc=0
[372/430] production-scip real_04 default seed=1 rc=0
[373/430] production-scip real_04 default seed=2 rc=0
[374/430] production-scip real_04 default seed=3 rc=0
[375/430] production-scip real_04 default seed=4 rc=0
[376/430] production-scip real_04 relpscost seed=0 rc=0
[377/430] production-scip real_04 relpscost seed=1 rc=0
[378/430] production-scip real_04 relpscost seed=2 rc=0
[379/430] production-scip real_04 relpscost seed=3 rc=0
[380/430] production-scip real_04 relpscost seed=4 rc=0
[381/430] production-scip real_04 random seed=0 rc=0
[382/430] production-scip real_04 random seed=1 rc=0
[383/430] production-scip real_04 random seed=2 rc=0
[384/430] production-scip real_04 random seed=3 rc=0
[385/430] production-scip real_04 random seed=4 rc=0
[386/430] production-scip real_04 mostinf seed=0 rc=0
[387/430] production-scip real_04 mostinf seed=1 rc=0
[388/430] production-scip real_04 mostinf seed=2 rc=0
[389/430] production-scip real_04 mostinf seed=3 rc=0
[390/430] production-scip real_04 mostinf seed=4 rc=0
[391/430] production-scip real_04 rl-mlp seed=0 rc=0
[392/430] production-scip real_04 rl-mlp seed=1 rc=0
[393/430] production-scip real_04 rl-mlp seed=2 rc=0
[394/430] production-scip real_04 rl-mlp seed=3 rc=0
[395/430] production-scip real_04 rl-mlp seed=4 rc=0
[396/430] production-scip real_04 rl-gcnn seed=0 rc=0
[397/430] production-scip real_04 rl-gcnn seed=1 rc=0
[398/430] production-scip real_04 rl-gcnn seed=2 rc=0
[399/430] production-scip real_04 rl-gcnn seed=3 rc=0
[400/430] production-scip real_05 default seed=0 rc=0
[401/430] production-scip real_04 rl-gcnn seed=4 rc=0
[402/430] production-scip real_05 default seed=1 rc=0
[403/430] production-scip real_05 default seed=2 rc=0
[404/430] production-scip real_05 default seed=3 rc=0
[405/430] production-scip real_05 default seed=4 rc=0
[406/430] production-scip real_05 relpscost seed=0 rc=0
[407/430] production-scip real_05 relpscost seed=1 rc=0
[408/430] production-scip real_05 relpscost seed=2 rc=0
[409/430] production-scip real_05 relpscost seed=3 rc=0
[410/430] production-scip real_05 relpscost seed=4 rc=0
[411/430] production-scip real_05 random seed=0 rc=0
[412/430] production-scip real_05 random seed=1 rc=0
[413/430] production-scip real_05 random seed=2 rc=0
[414/430] production-scip real_05 random seed=3 rc=0
[415/430] production-scip real_05 random seed=4 rc=0
[416/430] production-scip real_05 mostinf seed=0 rc=0
[417/430] production-scip real_05 mostinf seed=1 rc=0
[418/430] production-scip real_05 mostinf seed=2 rc=0
[419/430] production-scip real_05 mostinf seed=3 rc=0
[420/430] production-scip real_05 mostinf seed=4 rc=0
[421/430] production-scip real_05 rl-mlp seed=0 rc=0
[422/430] production-scip real_05 rl-mlp seed=1 rc=0
[423/430] production-scip real_05 rl-mlp seed=2 rc=0
[424/430] production-scip real_05 rl-mlp seed=3 rc=0
[425/430] production-scip real_05 rl-mlp seed=4 rc=0
[426/430] production-scip real_05 rl-gcnn seed=0 rc=0
[427/430] production-scip real_05 rl-gcnn seed=1 rc=0
[428/430] production-scip real_05 rl-gcnn seed=2 rc=0
[429/430] production-scip real_05 rl-gcnn seed=3 rc=0
[430/430] production-scip real_05 rl-gcnn seed=4 rc=0
completed=430 failures=0
