Looking in indexes: https://mirrors.aliyun.com/pypi/simple/
Collecting matplotlib==3.9.2 (from -r requirements/phase8.txt (line 1))
  Downloading matplotlib-3.9.2-cp311-cp311-manylinux_2_17_x86_64.manylinux2014_x86_64.whl (8.3 MB)
     ━━━━━━━━━━━━━━━━━━━━━━━━━━━━━━━━━━━━━━━━ 8.3/8.3 MB 208.9 kB/s  0:00:40
Collecting contourpy>=1.0.1 (from matplotlib==3.9.2->-r requirements/phase8.txt (line 1))
  Downloading contourpy-1.3.3-cp311-cp311-manylinux_2_27_x86_64.manylinux_2_28_x86_64.whl (355 kB)
Collecting cycler>=0.10 (from matplotlib==3.9.2->-r requirements/phase8.txt (line 1))
  Downloading cycler-0.12.1-py3-none-any.whl (8.3 kB)
Collecting fonttools>=4.22.0 (from matplotlib==3.9.2->-r requirements/phase8.txt (line 1))
  Downloading fonttools-4.63.0-cp311-cp311-manylinux2014_x86_64.manylinux_2_17_x86_64.whl (5.1 MB)
     ━━━━━━━━━━━━━━━━━━━━━━━━━━━━━━━━━━━━━━━━ 5.1/5.1 MB 221.4 kB/s  0:00:23
Collecting kiwisolver>=1.3.1 (from matplotlib==3.9.2->-r requirements/phase8.txt (line 1))
  Downloading kiwisolver-1.5.0-cp311-cp311-manylinux2014_x86_64.manylinux_2_17_x86_64.whl (1.4 MB)
     ━━━━━━━━━━━━━━━━━━━━━━━━━━━━━━━━━━━━━━━━ 1.4/1.4 MB 174.8 kB/s  0:00:08
Requirement already satisfied: numpy>=1.23 in /home/duweiyue25/conda/envs/rl4scip/lib/python3.11/site-packages (from matplotlib==3.9.2->-r requirements/phase8.txt (line 1)) (1.26.4)
Requirement already satisfied: packaging>=20.0 in /home/duweiyue25/conda/envs/rl4scip/lib/python3.11/site-packages (from matplotlib==3.9.2->-r requirements/phase8.txt (line 1)) (26.2)
Collecting pillow>=8 (from matplotlib==3.9.2->-r requirements/phase8.txt (line 1))
  Downloading pillow-12.3.0-cp311-cp311-manylinux_2_27_x86_64.manylinux_2_28_x86_64.whl (6.9 MB)
     ━━━━━━━━━━━━━━━━━━━━━━━━━━━━━━━━━━━━━━━━ 6.9/6.9 MB 220.4 kB/s  0:00:47
Collecting pyparsing>=2.3.1 (from matplotlib==3.9.2->-r requirements/phase8.txt (line 1))
  Downloading pyparsing-3.3.2-py3-none-any.whl (122 kB)
Requirement already satisfied: python-dateutil>=2.7 in /home/duweiyue25/conda/envs/rl4scip/lib/python3.11/site-packages (from matplotlib==3.9.2->-r requirements/phase8.txt (line 1)) (2.9.0.post0)
Requirement already satisfied: six>=1.5 in /home/duweiyue25/conda/envs/rl4scip/lib/python3.11/site-packages (from python-dateutil>=2.7->matplotlib==3.9.2->-r requirements/phase8.txt (line 1)) (1.17.0)
Installing collected packages: pyparsing, pillow, kiwisolver, fonttools, cycler, contourpy, matplotlib

Successfully installed contourpy-1.3.3 cycler-0.12.1 fonttools-4.63.0 kiwisolver-1.5.0 matplotlib-3.9.2 pillow-12.3.0 pyparsing-3.3.2
