{
  "run_name": "bipartite_gcnn_prim_feat_pilot_seed1",
  "gradient_steps": 3000,
  "episodes": 75,
  "replay_size": 601,
  "best_validation_nodes": 75.0,
  "wall_time": 5809.162164967507,
  "device": "cuda",
  "torch_version": "2.5.1+cu121",
  "loss_mode": "scalar",
  "evaluation": [
    {
      "method": "random",
      "instance": "data/instances/validation/real_08.cip",
      "seed": 100,
      "policy_seed": 1010114,
      "status": "nodelimit",
      "nodes": 100,
      "solving_time": 23.487913,
      "reward": -99.0,
      "transitions": 87,
      "mean_rank": 0.0,
      "inference_time": 0.0
    },
    {
      "method": "untrained",
      "instance": "data/instances/validation/real_08.cip",
      "seed": 100,
      "policy_seed": 1010126,
      "status": "optimal",
      "nodes": 79,
      "solving_time": 21.741595,
      "reward": -78.0,
      "transitions": 70,
      "mean_rank": 1.0,
      "inference_time": 0.8967652358114719
    },
    {
      "method": "rl",
      "instance": "data/instances/validation/real_08.cip",
      "seed": 100,
      "policy_seed": 1010140,
      "status": "optimal",
      "nodes": 75,
      "solving_time": 22.615055,
      "reward": -74.0,
      "transitions": 74,
      "mean_rank": 1.0,
      "inference_time": 0.9509493168443441
    },
    {
      "method": "random",
      "instance": "data/instances/validation/real_08.cip",
      "seed": 101,
      "policy_seed": 1010215,
      "status": "nodelimit",
      "nodes": 100,
      "solving_time": 27.594567,
      "reward": -99.0,
      "transitions": 95,
      "mean_rank": 0.0,
      "inference_time": 0.0
    },
    {
      "method": "untrained",
      "instance": "data/instances/validation/real_08.cip",
      "seed": 101,
      "policy_seed": 1010227,
      "status": "nodelimit",
      "nodes": 100,
      "solving_time": 27.788647,
      "reward": -99.0,
      "transitions": 89,
      "mean_rank": 1.0,
      "inference_time": 1.117114596068859
    },
    {
      "method": "rl",
      "instance": "data/instances/validation/real_08.cip",
      "seed": 101,
      "policy_seed": 1010241,
      "status": "nodelimit",
      "nodes": 100,
      "solving_time": 28.034129,
      "reward": -99.0,
      "transitions": 91,
      "mean_rank": 1.0,
      "inference_time": 1.2343198247253895
    },
    {
      "method": "random",
      "instance": "data/instances/validation/real_08.cip",
      "seed": 102,
      "policy_seed": 1010316,
      "status": "nodelimit",
      "nodes": 100,
      "solving_time": 21.501842,
      "reward": -99.0,
      "transitions": 93,
      "mean_rank": 0.0,
      "inference_time": 0.0
    },
    {
      "method": "untrained",
      "instance": "data/instances/validation/real_08.cip",
      "seed": 102,
      "policy_seed": 1010328,
      "status": "nodelimit",
      "nodes": 100,
      "solving_time": 21.008153,
      "reward": -99.0,
      "transitions": 84,
      "mean_rank": 1.0,
      "inference_time": 1.0577499996870756
    },
    {
      "method": "rl",
      "instance": "data/instances/validation/real_08.cip",
      "seed": 102,
      "policy_seed": 1010342,
      "status": "nodelimit",
      "nodes": 100,
      "solving_time": 22.97158,
      "reward": -99.0,
      "transitions": 97,
      "mean_rank": 1.0,
      "inference_time": 1.0162231475114822
    }
  ]
}
