{
  "run_name": "bipartite_gcnn_prim_feat_pilot_seed2",
  "gradient_steps": 3000,
  "episodes": 71,
  "replay_size": 598,
  "best_validation_nodes": 63.0,
  "wall_time": 5749.945699604228,
  "device": "cuda",
  "torch_version": "2.5.1+cu121",
  "loss_mode": "scalar",
  "evaluation": [
    {
      "method": "random",
      "instance": "data/instances/validation/real_08.cip",
      "seed": 100,
      "policy_seed": 2010117,
      "status": "optimal",
      "nodes": 71,
      "solving_time": 20.090415,
      "reward": -70.0,
      "transitions": 64,
      "mean_rank": 0.0,
      "inference_time": 0.0
    },
    {
      "method": "untrained",
      "instance": "data/instances/validation/real_08.cip",
      "seed": 100,
      "policy_seed": 2010129,
      "status": "optimal",
      "nodes": 41,
      "solving_time": 16.766779,
      "reward": -40.0,
      "transitions": 40,
      "mean_rank": 1.0,
      "inference_time": 0.5376960393041372
    },
    {
      "method": "rl",
      "instance": "data/instances/validation/real_08.cip",
      "seed": 100,
      "policy_seed": 2010143,
      "status": "optimal",
      "nodes": 63,
      "solving_time": 20.133934,
      "reward": -62.0,
      "transitions": 60,
      "mean_rank": 1.0,
      "inference_time": 0.8147251065820456
    },
    {
      "method": "random",
      "instance": "data/instances/validation/real_08.cip",
      "seed": 101,
      "policy_seed": 2010218,
      "status": "nodelimit",
      "nodes": 100,
      "solving_time": 27.572109,
      "reward": -99.0,
      "transitions": 97,
      "mean_rank": 0.0,
      "inference_time": 0.0
    },
    {
      "method": "untrained",
      "instance": "data/instances/validation/real_08.cip",
      "seed": 101,
      "policy_seed": 2010230,
      "status": "optimal",
      "nodes": 54,
      "solving_time": 21.576318,
      "reward": -53.0,
      "transitions": 52,
      "mean_rank": 1.0,
      "inference_time": 0.7731487862765789
    },
    {
      "method": "rl",
      "instance": "data/instances/validation/real_08.cip",
      "seed": 101,
      "policy_seed": 2010244,
      "status": "nodelimit",
      "nodes": 100,
      "solving_time": 28.574249000000002,
      "reward": -99.0,
      "transitions": 95,
      "mean_rank": 1.0,
      "inference_time": 1.1066136844456196
    },
    {
      "method": "random",
      "instance": "data/instances/validation/real_08.cip",
      "seed": 102,
      "policy_seed": 2010319,
      "status": "optimal",
      "nodes": 97,
      "solving_time": 21.27529,
      "reward": -96.0,
      "transitions": 89,
      "mean_rank": 0.0,
      "inference_time": 0.0
    },
    {
      "method": "untrained",
      "instance": "data/instances/validation/real_08.cip",
      "seed": 102,
      "policy_seed": 2010331,
      "status": "optimal",
      "nodes": 61,
      "solving_time": 17.547935,
      "reward": -60.0,
      "transitions": 60,
      "mean_rank": 1.0,
      "inference_time": 0.6694113928824663
    },
    {
      "method": "rl",
      "instance": "data/instances/validation/real_08.cip",
      "seed": 102,
      "policy_seed": 2010345,
      "status": "nodelimit",
      "nodes": 100,
      "solving_time": 23.279001,
      "reward": -99.0,
      "transitions": 97,
      "mean_rank": 1.0,
      "inference_time": 1.0333952736109495
    }
  ]
}
