{
  "run_name": "bipartite_gcnn_prim_feat_pilot_seed3",
  "gradient_steps": 2760,
  "episodes": 69,
  "replay_size": 474,
  "best_validation_nodes": 71.0,
  "wall_time": 5369.937256155536,
  "device": "cuda",
  "torch_version": "2.5.1+cu121",
  "loss_mode": "scalar",
  "evaluation": [
    {
      "method": "random",
      "instance": "data/instances/validation/real_08.cip",
      "seed": 100,
      "policy_seed": 3010120,
      "status": "optimal",
      "nodes": 100,
      "solving_time": 22.821958,
      "reward": -99.0,
      "transitions": 90,
      "mean_rank": 0.0,
      "inference_time": 0.0
    },
    {
      "method": "untrained",
      "instance": "data/instances/validation/real_08.cip",
      "seed": 100,
      "policy_seed": 3010132,
      "status": "optimal",
      "nodes": 57,
      "solving_time": 17.903868,
      "reward": -56.0,
      "transitions": 52,
      "mean_rank": 1.0,
      "inference_time": 0.6885748449712992
    },
    {
      "method": "rl",
      "instance": "data/instances/validation/real_08.cip",
      "seed": 100,
      "policy_seed": 3010146,
      "status": "optimal",
      "nodes": 71,
      "solving_time": 20.357066,
      "reward": -70.0,
      "transitions": 69,
      "mean_rank": 1.0,
      "inference_time": 0.8388479985296726
    },
    {
      "method": "random",
      "instance": "data/instances/validation/real_08.cip",
      "seed": 101,
      "policy_seed": 3010221,
      "status": "nodelimit",
      "nodes": 100,
      "solving_time": 25.990916,
      "reward": -99.0,
      "transitions": 95,
      "mean_rank": 0.0,
      "inference_time": 0.0
    },
    {
      "method": "untrained",
      "instance": "data/instances/validation/real_08.cip",
      "seed": 101,
      "policy_seed": 3010233,
      "status": "optimal",
      "nodes": 85,
      "solving_time": 24.665159,
      "reward": -84.0,
      "transitions": 80,
      "mean_rank": 1.0,
      "inference_time": 0.9734477177262306
    },
    {
      "method": "rl",
      "instance": "data/instances/validation/real_08.cip",
      "seed": 101,
      "policy_seed": 3010247,
      "status": "nodelimit",
      "nodes": 100,
      "solving_time": 27.391104,
      "reward": -99.0,
      "transitions": 98,
      "mean_rank": 1.0,
      "inference_time": 1.062840273603797
    },
    {
      "method": "random",
      "instance": "data/instances/validation/real_08.cip",
      "seed": 102,
      "policy_seed": 3010322,
      "status": "optimal",
      "nodes": 93,
      "solving_time": 20.025122,
      "reward": -92.0,
      "transitions": 89,
      "mean_rank": 0.0,
      "inference_time": 0.0
    },
    {
      "method": "untrained",
      "instance": "data/instances/validation/real_08.cip",
      "seed": 102,
      "policy_seed": 3010334,
      "status": "optimal",
      "nodes": 69,
      "solving_time": 17.615161,
      "reward": -68.0,
      "transitions": 68,
      "mean_rank": 1.0,
      "inference_time": 0.8660192899405956
    },
    {
      "method": "rl",
      "instance": "data/instances/validation/real_08.cip",
      "seed": 102,
      "policy_seed": 3010348,
      "status": "nodelimit",
      "nodes": 100,
      "solving_time": 22.419023,
      "reward": -99.0,
      "transitions": 99,
      "mean_rank": 1.0,
      "inference_time": 1.000436993315816
    }
  ]
}
