[2026-08-08 14:53:18] Phase A prim-decode eval start
phase8 runner: jobs=18 workers=4 cuda_devices=1,2,4,5 default_time_limit=300.0 max_concurrent_large=2
[1/18] production-scip real_09 default seed=1 tl=120s rc=0
[2/18] production-scip real_09 rl-gcnn seed=1 tl=120s rc=0
[3/18] production-scip real_09 default seed=0 tl=120s rc=0
[4/18] production-scip real_09 rl-gcnn-prim seed=1 tl=120s rc=0
[5/18] production-scip real_09 rl-gcnn seed=0 tl=120s rc=0
[6/18] production-scip real_09 rl-gcnn-prim seed=0 tl=120s rc=0
[7/18] production-scip real_08 default seed=1 tl=300s rc=0
[8/18] production-scip real_08 default seed=0 tl=300s rc=0
[9/18] production-scip real_08 rl-gcnn seed=1 tl=300s rc=0
[10/18] production-scip real_08 rl-gcnn-prim seed=1 tl=300s rc=0
[11/18] production-scip real_08 rl-gcnn seed=0 tl=300s rc=0
[12/18] production-scip real_08 rl-gcnn-prim seed=0 tl=300s rc=0
[13/18] production-scip real_01 default seed=1 tl=600s rc=0
[14/18] production-scip real_01 default seed=0 tl=600s rc=0
[15/18] production-scip real_01 rl-gcnn-prim seed=0 tl=600s rc=0
[16/18] production-scip real_01 rl-gcnn-prim seed=1 tl=600s rc=0
[17/18] production-scip real_01 rl-gcnn seed=1 tl=600s rc=0
[18/18] production-scip real_01 rl-gcnn seed=0 tl=600s rc=0
completed=18 failures=0
{
  "passed": true,
  "runs": 18,
  "status_counts": {
    "optimal": 18
  },
  "instances_with_optimal_reference": [
    "real_01",
    "real_08",
    "real_09"
  ],
  "rl_branch_decisions": 372,
  "errors": []
}
Traceback (most recent call last):
  File "/data/hanchengcheng/hcc_1/du/cable_harness_prim_gcnn/scripts/analyze_final_results.py", line 464, in <module>
    main()
  File "/data/hanchengcheng/hcc_1/du/cable_harness_prim_gcnn/scripts/analyze_final_results.py", line 446, in main
    plot_scale(data, figures)
  File "/data/hanchengcheng/hcc_1/du/cable_harness_prim_gcnn/scripts/analyze_final_results.py", line 410, in plot_scale
    table[columns].plot(
  File "/data/hanchengcheng/envs/rl4scip/lib/python3.11/site-packages/pandas/plotting/_core.py", line 1030, in __call__
    return plot_backend.plot(data, kind=kind, **kwargs)
           ^^^^^^^^^^^^^^^^^^^^^^^^^^^^^^^^^^^^^^^^^^^^
  File "/data/hanchengcheng/envs/rl4scip/lib/python3.11/site-packages/pandas/plotting/_matplotlib/__init__.py", line 71, in plot
    plot_obj.generate()
  File "/data/hanchengcheng/envs/rl4scip/lib/python3.11/site-packages/pandas/plotting/_matplotlib/core.py", line 501, in generate
    self._make_plot(fig)
  File "/data/hanchengcheng/envs/rl4scip/lib/python3.11/site-packages/pandas/plotting/_matplotlib/core.py", line 1891, in _make_plot
    colors = self._get_colors()
             ^^^^^^^^^^^^^^^^^^
  File "/data/hanchengcheng/envs/rl4scip/lib/python3.11/site-packages/pandas/plotting/_matplotlib/core.py", line 1094, in _get_colors
    return get_standard_colors(
           ^^^^^^^^^^^^^^^^^^^^
  File "/data/hanchengcheng/envs/rl4scip/lib/python3.11/site-packages/pandas/plotting/_matplotlib/style.py", line 70, in get_standard_colors
    colors = _derive_colors(
             ^^^^^^^^^^^^^^^
  File "/data/hanchengcheng/envs/rl4scip/lib/python3.11/site-packages/pandas/plotting/_matplotlib/style.py", line 127, in _derive_colors
    return _get_colors_from_color(color)
           ^^^^^^^^^^^^^^^^^^^^^^^^^^^^^
  File "/data/hanchengcheng/envs/rl4scip/lib/python3.11/site-packages/pandas/plotting/_matplotlib/style.py", line 173, in _get_colors_from_color
    return list(_gen_list_of_colors_from_iterable(color))
           ^^^^^^^^^^^^^^^^^^^^^^^^^^^^^^^^^^^^^^^^^^^^^^
  File "/data/hanchengcheng/envs/rl4scip/lib/python3.11/site-packages/pandas/plotting/_matplotlib/style.py", line 206, in _gen_list_of_colors_from_iterable
    raise ValueError(f"Invalid color {x}")
ValueError: Invalid color None
{
  "n": 18,
  "methods": {
    "default": {
      "solved": 6,
      "n": 6,
      "wall_mean": 19.141035845666668,
      "nodes_mean": 33.166666666666664,
      "gap_mean": 0.0
    },
    "rl-gcnn": {
      "solved": 6,
      "n": 6,
      "wall_mean": 37.55128560483334,
      "nodes_mean": 46.0,
      "gap_mean": 0.0
    },
    "rl-gcnn-prim": {
      "solved": 6,
      "n": 6,
      "wall_mean": 16.96382231583333,
      "nodes_mean": 19.166666666666668,
      "gap_mean": 0.0
    }
  },
  "per_instance": {
    "real_01/default": {
      "solved": 2,
      "wall_mean": 45.1603684555,
      "nodes_mean": 88.0
    },
    "real_01/rl-gcnn": {
      "solved": 2,
      "wall_mean": 86.71452074550001,
      "nodes_mean": 98.5
    },
    "real_01/rl-gcnn-prim": {
      "solved": 2,
      "wall_mean": 24.568027645,
      "nodes_mean": 13.0
    },
    "real_08/default": {
      "solved": 2,
      "wall_mean": 11.227176958000001,
      "nodes_mean": 6.5
    },
    "real_08/rl-gcnn": {
      "solved": 2,
      "wall_mean": 24.500946990499997,
      "nodes_mean": 35.0
    },
    "real_08/rl-gcnn-prim": {
      "solved": 2,
      "wall_mean": 23.278868699,
      "nodes_mean": 26.5
    },
    "real_09/default": {
      "solved": 2,
      "wall_mean": 1.0355621235,
      "nodes_mean": 5.0
    },
    "real_09/rl-gcnn": {
      "solved": 2,
      "wall_mean": 1.4383890785000002,
      "nodes_mean": 4.5
    },
    "real_09/rl-gcnn-prim": {
      "solved": 2,
      "wall_mean": 3.0445706035,
      "nodes_mean": 18.0
    }
  }
}
[2026-08-08 14:55:59] Phase A DONE
