Reading edges
Reading pairs
Solving problem
SCIP
mip_gap: 0
branching: rl-gcnn (rlgcnn)
protocol: production-scip
seed: 4
pairs size: 194
nodes size: 454
edges size: 549
copy   num: 4
Solving...
permute transformed problem using random seed 4
presolving:
(round 1, fast)       184799 del vars, 298264 del conss, 0 add conss, 89136 chg bounds, 426962 chg sides, 1074990 chg coeffs, 0 upgd conss, 0 impls, 1914 clqs
(round 2, fast)       206053 del vars, 455147 del conss, 0 add conss, 95276 chg bounds, 522761 chg sides, 1074990 chg coeffs, 0 upgd conss, 0 impls, 1914 clqs
(round 3, fast)       238891 del vars, 477747 del conss, 0 add conss, 96722 chg bounds, 532801 chg sides, 1074990 chg coeffs, 0 upgd conss, 0 impls, 1750 clqs
(round 4, fast)       243779 del vars, 488683 del conss, 0 add conss, 97276 chg bounds, 536801 chg sides, 1074990 chg coeffs, 0 upgd conss, 0 impls, 1702 clqs
(round 5, fast)       245545 del vars, 492128 del conss, 0 add conss, 97377 chg bounds, 538386 chg sides, 1074990 chg coeffs, 0 upgd conss, 0 impls, 1674 clqs
(round 6, fast)       245956 del vars, 492756 del conss, 0 add conss, 97381 chg bounds, 538770 chg sides, 1074990 chg coeffs, 0 upgd conss, 0 impls, 1674 clqs
(round 7, exhaustive) 245976 del vars, 493096 del conss, 0 add conss, 99640 chg bounds, 538770 chg sides, 1074990 chg coeffs, 0 upgd conss, 0 impls, 1674 clqs
(round 8, fast)       247090 del vars, 571458 del conss, 0 add conss, 99640 chg bounds, 591582 chg sides, 1076454 chg coeffs, 0 upgd conss, 0 impls, 1674 clqs
(round 9, fast)       260131 del vars, 571478 del conss, 0 add conss, 99640 chg bounds, 591582 chg sides, 1076454 chg coeffs, 0 upgd conss, 0 impls, 1654 clqs
(round 10, exhaustive) 260131 del vars, 571490 del conss, 0 add conss, 99640 chg bounds, 591582 chg sides, 1076454 chg coeffs, 2741 upgd conss, 0 impls, 1654 clqs
   (17.8s) sparsify finished: 9/974116 (0.0%) nonzeros canceled - in total 9 canceled nonzeros, 9 changed coefficients, 0 added nonzeros
   (18.1s) probing: 52/4480 (1.2%) - 12 fixings, 0 aggregations, 0 implications, 6 bound changes
   (18.1s) probing aborted: 50/50 successive totally useless probings
   (23.6s) symmetry computation started: requiring (bin +, int -, cont +), (fixed: bin -, int +, cont -)
   (27.2s) symmetry computation finished: 964 generators found (max: 964, log10 of symmetry group size: 634.3)
   (27.2s) no symmetry on binary variables present.
(round 11, exhaustive) 260143 del vars, 571490 del conss, 4273 add conss, 99646 chg bounds, 591582 chg sides, 1076463 chg coeffs, 2741 upgd conss, 0 impls, 1654 clqs
presolving (11 rounds: 11 fast, 3 medium, 3 exhaustive):
 260143 deleted vars, 571490 deleted constraints, 4273 added constraints, 99646 tightened bounds, 0 added holes, 591582 changed sides, 1076463 changed coefficients
 0 implications, 1654 cliques
presolving was interrupted.
Presolving Time: 27.40

SCIP Status        : solving was interrupted [time limit reached]
Solving Time (sec) : 30.00
Solving Nodes      : 0
Primal Bound       : +1.00000000000000e+20 (0 solutions)
OTHER_STATUS
Execute success
