Reading edges
Reading pairs
Solving problem
SCIP
mip_gap: 0
branching: rl-gcnn (rlgcnn)
protocol: production-scip
seed: 2
pairs size: 194
nodes size: 454
edges size: 549
copy   num: 4
Solving...
permute transformed problem using random seed 2
presolving:
(round 1, fast)       184676 del vars, 297570 del conss, 0 add conss, 89690 chg bounds, 426969 chg sides, 1076130 chg coeffs, 0 upgd conss, 0 impls, 1914 clqs
(round 2, fast)       205899 del vars, 454929 del conss, 0 add conss, 95908 chg bounds, 522807 chg sides, 1076130 chg coeffs, 0 upgd conss, 0 impls, 1914 clqs
(round 3, fast)       238820 del vars, 477731 del conss, 0 add conss, 97305 chg bounds, 533127 chg sides, 1076130 chg coeffs, 0 upgd conss, 0 impls, 1750 clqs
(round 4, fast)       243749 del vars, 488225 del conss, 0 add conss, 97886 chg bounds, 536972 chg sides, 1076130 chg coeffs, 0 upgd conss, 0 impls, 1734 clqs
(round 5, fast)       245509 del vars, 491918 del conss, 0 add conss, 98001 chg bounds, 538572 chg sides, 1076130 chg coeffs, 0 upgd conss, 0 impls, 1674 clqs
(round 6, fast)       245934 del vars, 492749 del conss, 0 add conss, 98003 chg bounds, 539138 chg sides, 1076130 chg coeffs, 0 upgd conss, 0 impls, 1674 clqs
(round 7, exhaustive) 245976 del vars, 493096 del conss, 0 add conss, 98003 chg bounds, 539138 chg sides, 1076130 chg coeffs, 0 upgd conss, 0 impls, 1674 clqs
(round 8, fast)       245976 del vars, 493096 del conss, 0 add conss, 100262 chg bounds, 539138 chg sides, 1076130 chg coeffs, 0 upgd conss, 0 impls, 1674 clqs
(round 9, fast)       247090 del vars, 571458 del conss, 0 add conss, 100262 chg bounds, 591950 chg sides, 1077594 chg coeffs, 0 upgd conss, 0 impls, 1674 clqs
(round 10, fast)       260131 del vars, 571478 del conss, 0 add conss, 100262 chg bounds, 591950 chg sides, 1077594 chg coeffs, 0 upgd conss, 0 impls, 1654 clqs
(round 11, exhaustive) 260131 del vars, 571490 del conss, 0 add conss, 100262 chg bounds, 591950 chg sides, 1077594 chg coeffs, 2741 upgd conss, 0 impls, 1654 clqs
   (19.9s) sparsify finished: 9/974116 (0.0%) nonzeros canceled - in total 9 canceled nonzeros, 9 changed coefficients, 0 added nonzeros
   (20.1s) probing: 52/4480 (1.2%) - 12 fixings, 0 aggregations, 0 implications, 6 bound changes
   (20.1s) probing aborted: 50/50 successive totally useless probings
   (25.6s) symmetry computation started: requiring (bin +, int -, cont +), (fixed: bin -, int +, cont -)
   (29.3s) symmetry computation finished: 964 generators found (max: 964, log10 of symmetry group size: 505.5)
   (29.3s) no symmetry on binary variables present.
(round 12, exhaustive) 260143 del vars, 571490 del conss, 3088 add conss, 100268 chg bounds, 591950 chg sides, 1077603 chg coeffs, 2741 upgd conss, 0 impls, 1654 clqs
presolving (12 rounds: 12 fast, 3 medium, 3 exhaustive):
 260143 deleted vars, 571490 deleted constraints, 3088 added constraints, 100268 tightened bounds, 0 added holes, 591950 changed sides, 1077603 changed coefficients
 0 implications, 1654 cliques
presolving was interrupted.
Presolving Time: 26.84

SCIP Status        : solving was interrupted [time limit reached]
Solving Time (sec) : 30.01
Solving Nodes      : 0
Primal Bound       : +1.00000000000000e+20 (0 solutions)
OTHER_STATUS
Execute success
