Reading edges
Reading pairs
Solving problem
SCIP
mip_gap: 0
branching: random (random)
protocol: controlled-bbmdp
seed: 2
pairs size: 181
nodes size: 126
edges size: 150
copy   num: 4
Solving...
permute transformed problem using random seed 2
presolving:
(round 1, fast)       38606 del vars, 52687 del conss, 0 add conss, 16066 chg bounds, 108793 chg sides, 296913 chg coeffs, 0 upgd conss, 0 impls, 589 clqs
(round 2, fast)       43395 del vars, 87514 del conss, 0 add conss, 17865 chg bounds, 128731 chg sides, 296913 chg coeffs, 0 upgd conss, 0 impls, 589 clqs
(round 3, fast)       49900 del vars, 92075 del conss, 0 add conss, 18103 chg bounds, 130752 chg sides, 296913 chg coeffs, 0 upgd conss, 0 impls, 581 clqs
(round 4, fast)       50658 del vars, 92547 del conss, 0 add conss, 18110 chg bounds, 130807 chg sides, 296913 chg coeffs, 0 upgd conss, 0 impls, 581 clqs
(round 5, fast)       50699 del vars, 92588 del conss, 0 add conss, 18110 chg bounds, 130807 chg sides, 296913 chg coeffs, 0 upgd conss, 0 impls, 581 clqs
(round 6, exhaustive) 50711 del vars, 92612 del conss, 0 add conss, 18134 chg bounds, 130811 chg sides, 296913 chg coeffs, 1984 upgd conss, 0 impls, 581 clqs
   (4.3s) probing: 51/1900 (2.7%) - 0 fixings, 0 aggregations, 0 implications, 0 bound changes
   (4.3s) probing aborted: 50/50 successive totally useless probings
   (6.8s) symmetry computation started: requiring (bin +, int -, cont +), (fixed: bin -, int +, cont -)
   (7.3s) symmetry computation finished: 8 generators found (max: 1500, log10 of symmetry group size: 2.6)
presolving (7 rounds: 7 fast, 2 medium, 2 exhaustive):
 50711 deleted vars, 92612 deleted constraints, 7 added constraints, 18134 tightened bounds, 0 added holes, 130811 changed sides, 296913 changed coefficients
 0 implications, 581 cliques
presolved problem has 33167 variables (1900 bin, 0 int, 0 impl, 31267 cont) and 122139 constraints
      3 constraints of type <knapsack>
    581 constraints of type <setppc>
 120148 constraints of type <linear>
      7 constraints of type <orbitope>
   1400 constraints of type <logicor>
Presolving Time: 6.85

 time | node  | left  |LP iter|LP it/n|mem/heur|mdpt |vars |cons |rows |cuts |sepa|confs|strbr|  dualbound   | primalbound  |  gap   | compl. 
 18.9s|     1 |     0 | 21893 |     - |   943M |   0 |  33k| 122k| 122k|   0 |  0 |  52 |   0 | 3.137360e+00 |      --      |    Inf | unknown

SCIP Status        : solving was interrupted [time limit reached]
Solving Time (sec) : 34.11
Solving Nodes      : 1
Primal Bound       : +1.00000000000000e+20 (0 solutions)
Dual Bound         : +3.13735999999999e+00
Gap                : infinite
OTHER_STATUS
Execute success
