Reading edges
Reading pairs
Solving problem
SCIP
mip_gap: 0
branching: rl-mlp (rlmlp)
protocol: controlled-bbmdp
seed: 1
pairs size: 181
nodes size: 126
edges size: 150
copy   num: 4
Solving...
permute transformed problem using random seed 1
presolving:
(round 1, fast)       38532 del vars, 52789 del conss, 0 add conss, 16290 chg bounds, 108768 chg sides, 296688 chg coeffs, 0 upgd conss, 0 impls, 589 clqs
(round 2, fast)       43449 del vars, 87401 del conss, 0 add conss, 18039 chg bounds, 128610 chg sides, 296688 chg coeffs, 0 upgd conss, 0 impls, 589 clqs
(round 3, fast)       49881 del vars, 92009 del conss, 0 add conss, 18334 chg bounds, 130659 chg sides, 296688 chg coeffs, 0 upgd conss, 0 impls, 581 clqs
(round 4, fast)       50648 del vars, 92560 del conss, 0 add conss, 18345 chg bounds, 130712 chg sides, 296688 chg coeffs, 0 upgd conss, 0 impls, 581 clqs
(round 5, fast)       50699 del vars, 92588 del conss, 0 add conss, 18345 chg bounds, 130712 chg sides, 296688 chg coeffs, 0 upgd conss, 0 impls, 581 clqs
(round 6, exhaustive) 50711 del vars, 92612 del conss, 0 add conss, 18369 chg bounds, 130716 chg sides, 296688 chg coeffs, 1984 upgd conss, 0 impls, 581 clqs
   (4.8s) probing: 51/1900 (2.7%) - 0 fixings, 0 aggregations, 0 implications, 0 bound changes
   (4.8s) probing aborted: 50/50 successive totally useless probings
   (7.4s) symmetry computation started: requiring (bin +, int -, cont +), (fixed: bin -, int +, cont -)
   (7.8s) symmetry computation finished: 7 generators found (max: 1500, log10 of symmetry group size: 2.3)
presolving (7 rounds: 7 fast, 2 medium, 2 exhaustive):
 50711 deleted vars, 92612 deleted constraints, 6 added constraints, 18369 tightened bounds, 0 added holes, 130716 changed sides, 296688 changed coefficients
 0 implications, 581 cliques
presolved problem has 33167 variables (1900 bin, 0 int, 0 impl, 31267 cont) and 122138 constraints
      3 constraints of type <knapsack>
    581 constraints of type <setppc>
 120148 constraints of type <linear>
      6 constraints of type <orbitope>
   1400 constraints of type <logicor>
Presolving Time: 7.30

 time | node  | left  |LP iter|LP it/n|mem/heur|mdpt |vars |cons |rows |cuts |sepa|confs|strbr|  dualbound   | primalbound  |  gap   | compl. 
 20.7s|     1 |     0 | 35325 |     - |   944M |   0 |  33k| 122k| 122k|   0 |  0 |  54 |   0 | 3.137360e+00 |      --      |    Inf | unknown

SCIP Status        : solving was interrupted [time limit reached]
Solving Time (sec) : 31.65
Solving Nodes      : 1
Primal Bound       : +1.00000000000000e+20 (0 solutions)
Dual Bound         : +3.13735999999999e+00
Gap                : infinite
OTHER_STATUS
Execute success
