Reading edges
Reading pairs
Solving problem
SCIP
mip_gap: 0
branching: mostinf (mostinf)
protocol: controlled-bbmdp
seed: 3
pairs size: 32
nodes size: 304
edges size: 366
copy   num: 4
Solving...
permute transformed problem using random seed 3
presolving:
(round 1, fast)       18732 del vars, 30407 del conss, 0 add conss, 10838 chg bounds, 47713 chg sides, 119157 chg coeffs, 0 upgd conss, 0 impls, 1020 clqs
(round 2, fast)       21249 del vars, 47359 del conss, 0 add conss, 11193 chg bounds, 57734 chg sides, 119157 chg coeffs, 0 upgd conss, 0 impls, 1020 clqs
(round 3, fast)       25390 del vars, 48448 del conss, 0 add conss, 11216 chg bounds, 58036 chg sides, 119157 chg coeffs, 0 upgd conss, 0 impls, 860 clqs
(round 4, fast)       25601 del vars, 48578 del conss, 0 add conss, 11216 chg bounds, 58060 chg sides, 119157 chg coeffs, 0 upgd conss, 0 impls, 844 clqs
(round 5, fast)       25631 del vars, 48588 del conss, 0 add conss, 11216 chg bounds, 58060 chg sides, 119157 chg coeffs, 0 upgd conss, 0 impls, 840 clqs
(round 6, fast)       25631 del vars, 48588 del conss, 0 add conss, 11989 chg bounds, 58060 chg sides, 119157 chg coeffs, 0 upgd conss, 0 impls, 840 clqs
(round 7, fast)       26015 del vars, 49444 del conss, 0 add conss, 11989 chg bounds, 58360 chg sides, 119217 chg coeffs, 0 upgd conss, 0 impls, 840 clqs
(round 8, exhaustive) 26015 del vars, 49468 del conss, 0 add conss, 11989 chg bounds, 58360 chg sides, 119217 chg coeffs, 915 upgd conss, 0 impls, 840 clqs
   (1.7s) probing: 51/2152 (2.4%) - 0 fixings, 0 aggregations, 0 implications, 0 bound changes
   (1.7s) probing aborted: 50/50 successive totally useless probings
   (2.2s) symmetry computation started: requiring (bin +, int -, cont +), (fixed: bin -, int +, cont -)
   (2.4s) symmetry computation finished: 60 generators found (max: 1500, log10 of symmetry group size: 18.1)
   (2.4s) no symmetry on binary variables present.
(round 9, exhaustive) 26015 del vars, 49468 del conss, 60 add conss, 11989 chg bounds, 58360 chg sides, 119217 chg coeffs, 915 upgd conss, 0 impls, 840 clqs
presolving (10 rounds: 10 fast, 3 medium, 3 exhaustive):
 26015 deleted vars, 49468 deleted constraints, 60 added constraints, 11989 tightened bounds, 0 added holes, 58360 changed sides, 119217 changed coefficients
 0 implications, 840 cliques
presolved problem has 13393 variables (2152 bin, 0 int, 0 impl, 11241 cont) and 48019 constraints
      3 constraints of type <knapsack>
    840 constraints of type <setppc>
  47104 constraints of type <linear>
     72 constraints of type <logicor>
Presolving Time: 2.52

 time | node  | left  |LP iter|LP it/n|mem/heur|mdpt |vars |cons |rows |cuts |sepa|confs|strbr|  dualbound   | primalbound  |  gap   | compl. 
  3.9s|     1 |     0 |  7088 |     - |   429M |   0 |  13k|  48k|  47k|   0 |  0 |   4 |   0 | 2.117030e-02 |      --      |    Inf | unknown

SCIP Status        : solving was interrupted [time limit reached]
Solving Time (sec) : 30.26
Solving Nodes      : 1
Primal Bound       : +1.00000000000000e+20 (0 solutions)
Dual Bound         : +2.11703000000000e-02
Gap                : infinite
OTHER_STATUS
Execute success
