Reading edges
Reading pairs
Solving problem
SCIP
mip_gap: 0
branching: mostinf (mostinf)
protocol: controlled-bbmdp
seed: 1
pairs size: 32
nodes size: 304
edges size: 366
copy   num: 4
Solving...
permute transformed problem using random seed 1
presolving:
(round 1, fast)       18738 del vars, 30257 del conss, 0 add conss, 10784 chg bounds, 47723 chg sides, 119544 chg coeffs, 0 upgd conss, 0 impls, 1020 clqs
(round 2, fast)       21234 del vars, 47420 del conss, 0 add conss, 11132 chg bounds, 57883 chg sides, 119544 chg coeffs, 0 upgd conss, 0 impls, 1020 clqs
(round 3, fast)       25404 del vars, 48484 del conss, 0 add conss, 11162 chg bounds, 58168 chg sides, 119544 chg coeffs, 0 upgd conss, 0 impls, 860 clqs
(round 4, fast)       25605 del vars, 48582 del conss, 0 add conss, 11162 chg bounds, 58188 chg sides, 119544 chg coeffs, 0 upgd conss, 0 impls, 844 clqs
(round 5, fast)       25631 del vars, 48588 del conss, 0 add conss, 11162 chg bounds, 58188 chg sides, 119544 chg coeffs, 0 upgd conss, 0 impls, 840 clqs
(round 6, fast)       25631 del vars, 48588 del conss, 0 add conss, 11935 chg bounds, 58188 chg sides, 119544 chg coeffs, 0 upgd conss, 0 impls, 840 clqs
(round 7, fast)       26015 del vars, 49444 del conss, 0 add conss, 11935 chg bounds, 58488 chg sides, 119604 chg coeffs, 0 upgd conss, 0 impls, 840 clqs
(round 8, exhaustive) 26015 del vars, 49468 del conss, 0 add conss, 11935 chg bounds, 58488 chg sides, 119604 chg coeffs, 915 upgd conss, 0 impls, 840 clqs
   (1.7s) probing: 51/2152 (2.4%) - 0 fixings, 0 aggregations, 0 implications, 0 bound changes
   (1.7s) probing aborted: 50/50 successive totally useless probings
   (2.2s) symmetry computation started: requiring (bin +, int -, cont +), (fixed: bin -, int +, cont -)
   (2.4s) symmetry computation finished: 60 generators found (max: 1500, log10 of symmetry group size: 18.1)
   (2.4s) no symmetry on binary variables present.
(round 9, exhaustive) 26015 del vars, 49468 del conss, 60 add conss, 11935 chg bounds, 58488 chg sides, 119604 chg coeffs, 915 upgd conss, 0 impls, 840 clqs
presolving (10 rounds: 10 fast, 3 medium, 3 exhaustive):
 26015 deleted vars, 49468 deleted constraints, 60 added constraints, 11935 tightened bounds, 0 added holes, 58488 changed sides, 119604 changed coefficients
 0 implications, 840 cliques
presolved problem has 13393 variables (2152 bin, 0 int, 0 impl, 11241 cont) and 48019 constraints
      3 constraints of type <knapsack>
    840 constraints of type <setppc>
  47104 constraints of type <linear>
     72 constraints of type <logicor>
Presolving Time: 2.51

 time | node  | left  |LP iter|LP it/n|mem/heur|mdpt |vars |cons |rows |cuts |sepa|confs|strbr|  dualbound   | primalbound  |  gap   | compl. 
  4.1s|     1 |     0 |  7067 |     - |   430M |   0 |  13k|  48k|  47k|   0 |  0 |   4 |   0 | 2.117030e-02 |      --      |    Inf | unknown
 30.0s|     1 |     0 | 14813 |     - |   438M |   0 |  13k|  48k|  47k|   4 |  1 |   4 |   0 | 2.117030e-02 |      --      |    Inf | unknown
(node 1) LP solver hit time limit in LP 26 -- using pseudo solution instead

SCIP Status        : solving was interrupted [time limit reached]
Solving Time (sec) : 30.01
Solving Nodes      : 1
Primal Bound       : +1.00000000000000e+20 (0 solutions)
Dual Bound         : +2.11703000000000e-02
Gap                : infinite
OTHER_STATUS
Execute success
