Reading edges
Reading pairs
Solving problem
SCIP
mip_gap: 0
branching: rl-mlp (rlmlp)
protocol: controlled-bbmdp
seed: 3
pairs size: 22
nodes size: 295
edges size: 349
copy   num: 4
Solving...
permute transformed problem using random seed 3
presolving:
(round 1, fast)       12396 del vars, 19551 del conss, 0 add conss, 6988 chg bounds, 31592 chg sides, 79275 chg coeffs, 0 upgd conss, 0 impls, 958 clqs
(round 2, fast)       13887 del vars, 30694 del conss, 0 add conss, 7153 chg bounds, 38362 chg sides, 79275 chg coeffs, 0 upgd conss, 0 impls, 958 clqs
(round 3, fast)       16832 del vars, 31117 del conss, 0 add conss, 7162 chg bounds, 38469 chg sides, 79275 chg coeffs, 0 upgd conss, 0 impls, 818 clqs
(round 4, fast)       16942 del vars, 31159 del conss, 0 add conss, 7162 chg bounds, 38473 chg sides, 79275 chg coeffs, 0 upgd conss, 0 impls, 814 clqs
(round 5, exhaustive) 16944 del vars, 31565 del conss, 0 add conss, 7906 chg bounds, 38473 chg sides, 79275 chg coeffs, 0 upgd conss, 0 impls, 814 clqs
(round 6, fast)       17316 del vars, 31957 del conss, 0 add conss, 7906 chg bounds, 38737 chg sides, 79275 chg coeffs, 0 upgd conss, 0 impls, 814 clqs
(round 7, exhaustive) 17316 del vars, 31957 del conss, 0 add conss, 7906 chg bounds, 38737 chg sides, 79275 chg coeffs, 817 upgd conss, 0 impls, 814 clqs
   (1.1s) probing: 51/2072 (2.5%) - 0 fixings, 0 aggregations, 0 implications, 0 bound changes
   (1.1s) probing aborted: 50/50 successive totally useless probings
   (1.5s) symmetry computation started: requiring (bin +, int -, cont +), (fixed: bin -, int +, cont -)
   (1.6s) symmetry computation finished: 44 generators found (max: 1500, log10 of symmetry group size: 13.2)
   (1.6s) no symmetry on binary variables present.
(round 8, exhaustive) 17316 del vars, 31957 del conss, 44 add conss, 7906 chg bounds, 38737 chg sides, 79275 chg coeffs, 817 upgd conss, 0 impls, 814 clqs
presolving (9 rounds: 9 fast, 4 medium, 4 exhaustive):
 17316 deleted vars, 31957 deleted constraints, 44 added constraints, 7906 tightened bounds, 0 added holes, 38737 changed sides, 79275 changed coefficients
 0 implications, 814 cliques
presolved problem has 9778 variables (2072 bin, 0 int, 0 impl, 7706 cont) and 33156 constraints
      3 constraints of type <knapsack>
    814 constraints of type <setppc>
  32339 constraints of type <linear>
Presolving Time: 1.63

 time | node  | left  |LP iter|LP it/n|mem/heur|mdpt |vars |cons |rows |cuts |sepa|confs|strbr|  dualbound   | primalbound  |  gap   | compl. 
  2.6s|     1 |     0 |  5339 |     - |   297M |   0 |9778 |  33k|  33k|   0 |  0 |   2 |   0 | 9.612100e-03 |      --      |    Inf | unknown
 14.6s|     1 |     0 |  9280 |     - |   304M |   0 |9778 |  33k|  33k|   1 |  1 |   2 |   0 | 9.612100e-03 |      --      |    Inf | unknown
 14.8s|     1 |     0 |  9305 |     - |   308M |   0 |9778 |  33k|  33k|   2 |  2 |   2 |   0 | 9.612100e-03 |      --      |    Inf | unknown
 15.0s|     1 |     0 |  9316 |     - |   312M |   0 |9778 |  33k|  33k|   4 |  3 |   2 |   0 | 9.612100e-03 |      --      |    Inf | unknown
 15.2s|     1 |     0 |  9330 |     - |   317M |   0 |9778 |  33k|  33k|   5 |  4 |   2 |   0 | 9.612100e-03 |      --      |    Inf | unknown
 15.4s|     1 |     0 |  9367 |     - |   321M |   0 |9778 |  33k|  33k|   9 |  5 |   2 |   0 | 9.612100e-03 |      --      |    Inf | unknown
 15.6s|     1 |     0 |  9387 |     - |   325M |   0 |9778 |  33k|  33k|  11 |  6 |   2 |   0 | 9.612100e-03 |      --      |    Inf | unknown
 15.9s|     1 |     0 |  9400 |     - |   330M |   0 |9778 |  33k|  33k|  12 |  7 |   2 |   0 | 9.612100e-03 |      --      |    Inf | unknown
 16.1s|     1 |     0 |  9403 |     - |   335M |   0 |9778 |  33k|  33k|  13 |  8 |   8 |   0 | 9.612100e-03 |      --      |    Inf | unknown
 16.3s|     1 |     0 |  9437 |     - |   339M |   0 |9778 |  33k|  33k|  15 |  9 |   8 |   0 | 9.612100e-03 |      --      |    Inf | unknown
 16.5s|     1 |     0 |  9441 |     - |   344M |   0 |9778 |  33k|  33k|  16 | 10 |   8 |   0 | 9.612100e-03 |      --      |    Inf | unknown
L19.9s|     1 |     0 |  9441 |     - |    rens|   0 |9778 |  33k|  33k|  16 | 11 |  15 |   0 | 9.612100e-03 | 9.612100e-03 |   0.00%| unknown
 20.0s|     1 |     0 |  9441 |     - |   348M |   0 |9778 |  33k|  33k|  16 | 11 |  15 |   0 | 9.612100e-03 | 9.612100e-03 |   0.00%| unknown

SCIP Status        : problem is solved [optimal solution found]
Solving Time (sec) : 19.99
Solving Nodes      : 1
Primal Bound       : +9.61209999999999e-03 (1 solutions)
Dual Bound         : +9.61209999999999e-03
Gap                : 0.00 %
OPTIMAL
Solution:
Objective value = 0.0096121
Checking cycles
No cycle
Total best res: 0.0103411
Outputing results
Execute success
