Reading edges
Reading pairs
Solving problem
SCIP
mip_gap: 0
branching: relpscost (relpscost)
protocol: production-scip
seed: 0
pairs size: 32
nodes size: 304
edges size: 366
copy   num: 4
Solving...
presolving:
(round 1, fast)       18208 del vars, 38938 del conss, 0 add conss, 13991 chg bounds, 47524 chg sides, 90516 chg coeffs, 0 upgd conss, 0 impls, 1020 clqs
(round 2, fast)       22385 del vars, 46724 del conss, 0 add conss, 14478 chg bounds, 47784 chg sides, 90516 chg coeffs, 0 upgd conss, 0 impls, 860 clqs
(round 3, fast)       25244 del vars, 48455 del conss, 0 add conss, 14517 chg bounds, 48476 chg sides, 90516 chg coeffs, 0 upgd conss, 0 impls, 860 clqs
(round 4, fast)       25591 del vars, 48580 del conss, 0 add conss, 14517 chg bounds, 48512 chg sides, 90516 chg coeffs, 0 upgd conss, 0 impls, 848 clqs
(round 5, fast)       25631 del vars, 48588 del conss, 0 add conss, 14517 chg bounds, 48512 chg sides, 90516 chg coeffs, 0 upgd conss, 0 impls, 840 clqs
(round 6, fast)       25631 del vars, 48588 del conss, 0 add conss, 15290 chg bounds, 48512 chg sides, 90516 chg coeffs, 0 upgd conss, 0 impls, 840 clqs
(round 7, fast)       26015 del vars, 49444 del conss, 0 add conss, 15290 chg bounds, 48812 chg sides, 90576 chg coeffs, 0 upgd conss, 0 impls, 840 clqs
(round 8, exhaustive) 26015 del vars, 49468 del conss, 0 add conss, 15290 chg bounds, 48812 chg sides, 90576 chg coeffs, 915 upgd conss, 0 impls, 840 clqs
   (1.4s) probing: 51/2152 (2.4%) - 0 fixings, 0 aggregations, 0 implications, 0 bound changes
   (1.4s) probing aborted: 50/50 successive totally useless probings
   (1.9s) symmetry computation started: requiring (bin +, int -, cont +), (fixed: bin -, int +, cont -)
   (2.1s) symmetry computation finished: 60 generators found (max: 1500, log10 of symmetry group size: 18.1)
   (2.1s) no symmetry on binary variables present.
(round 9, exhaustive) 26015 del vars, 49468 del conss, 60 add conss, 15290 chg bounds, 48812 chg sides, 90576 chg coeffs, 915 upgd conss, 0 impls, 840 clqs
presolving (10 rounds: 10 fast, 3 medium, 3 exhaustive):
 26015 deleted vars, 49468 deleted constraints, 60 added constraints, 15290 tightened bounds, 0 added holes, 48812 changed sides, 90576 changed coefficients
 0 implications, 840 cliques
presolved problem has 13393 variables (2152 bin, 0 int, 0 impl, 11241 cont) and 48019 constraints
      3 constraints of type <knapsack>
    840 constraints of type <setppc>
  47104 constraints of type <linear>
     72 constraints of type <logicor>
Presolving Time: 2.19

 time | node  | left  |LP iter|LP it/n|mem/heur|mdpt |vars |cons |rows |cuts |sepa|confs|strbr|  dualbound   | primalbound  |  gap   | compl. 
  3.5s|     1 |     0 |  6666 |     - |   427M |   0 |  13k|  48k|  47k|   0 |  0 |   4 |   0 | 2.117032e-02 |      --      |    Inf | unknown
 16.8s|     1 |     0 | 11448 |     - |   437M |   0 |  13k|  48k|  47k|   4 |  1 |   4 |   0 | 2.117032e-02 |      --      |    Inf | unknown
 17.1s|     1 |     0 | 11480 |     - |   442M |   0 |  13k|  48k|  47k|   7 |  2 |   4 |   0 | 2.117032e-02 |      --      |    Inf | unknown
 17.5s|     1 |     0 | 11503 |     - |   448M |   0 |  13k|  48k|  47k|  10 |  3 |   4 |   0 | 2.117032e-02 |      --      |    Inf | unknown
 17.8s|     1 |     0 | 11510 |     - |   457M |   0 |  13k|  48k|  47k|  11 |  4 |   4 |   0 | 2.117032e-02 |      --      |    Inf | unknown
 18.2s|     1 |     0 | 11519 |     - |   462M |   0 |  13k|  48k|  47k|  13 |  5 |   4 |   0 | 2.117032e-02 |      --      |    Inf | unknown
 18.6s|     1 |     0 | 11523 |     - |   470M |   0 |  13k|  48k|  47k|  15 |  6 |   4 |   0 | 2.117032e-02 |      --      |    Inf | unknown
 19.0s|     1 |     0 | 11524 |     - |   477M |   0 |  13k|  48k|  47k|  16 |  7 |   4 |   0 | 2.117032e-02 |      --      |    Inf | unknown
 19.4s|     1 |     0 | 11525 |     - |   482M |   0 |  13k|  48k|  47k|  17 |  8 |   4 |   0 | 2.117032e-02 |      --      |    Inf | unknown
 19.8s|     1 |     0 | 11526 |     - |   487M |   0 |  13k|  48k|  47k|  18 |  9 |   4 |   0 | 2.117032e-02 |      --      |    Inf | unknown
 20.1s|     1 |     0 | 11531 |     - |   493M |   0 |  13k|  48k|  47k|  20 | 10 |   4 |   0 | 2.117032e-02 |      --      |    Inf | unknown
 20.4s|     1 |     0 | 11546 |     - |   498M |   0 |  13k|  48k|  47k|  22 | 11 |   4 |   0 | 2.117032e-02 |      --      |    Inf | unknown
 23.4s|     1 |     2 | 13080 |     - |   501M |   0 |  13k|  48k|  47k|  22 | 11 |  15 |  19 | 2.117032e-02 |      --      |    Inf | unknown

SCIP Status        : solving was interrupted [time limit reached]
Solving Time (sec) : 30.03
Solving Nodes      : 6
Primal Bound       : +1.00000000000000e+20 (0 solutions)
Dual Bound         : +2.11703156718750e-02
Gap                : infinite
OTHER_STATUS
Execute success
