{
  "run_name": "gcnn_ablation_no_aviation_categories",
  "gradient_steps": 1000,
  "episodes": 5,
  "replay_size": 64,
  "best_validation_nodes": 54.0,
  "wall_time": 569.9735297240259,
  "device": "cuda",
  "torch_version": "2.5.1+cu121",
  "loss_mode": "scalar",
  "evaluation": [
    {
      "method": "random",
      "instance": "data/instances/validation/real_08.cip",
      "seed": 100,
      "policy_seed": 10111,
      "status": "optimal",
      "nodes": 91,
      "solving_time": 42.033121,
      "reward": -90.0,
      "transitions": 81,
      "mean_rank": 0.0,
      "inference_time": 0.0
    },
    {
      "method": "untrained",
      "instance": "data/instances/validation/real_08.cip",
      "seed": 100,
      "policy_seed": 10123,
      "status": "optimal",
      "nodes": 45,
      "solving_time": 33.658029,
      "reward": -44.0,
      "transitions": 45,
      "mean_rank": 1.0,
      "inference_time": 0.6577862709527835
    },
    {
      "method": "rl",
      "instance": "data/instances/validation/real_08.cip",
      "seed": 100,
      "policy_seed": 10137,
      "status": "optimal",
      "nodes": 54,
      "solving_time": 35.500145,
      "reward": -53.0,
      "transitions": 52,
      "mean_rank": 1.0,
      "inference_time": 0.7585050241323188
    }
  ]
}
