{
  "run_name": "bipartite_gcnn_hlgauss_smoke",
  "gradient_steps": 40,
  "episodes": 1,
  "replay_size": 20,
  "best_validation_nodes": 20.0,
  "wall_time": 126.60497136900085,
  "device": "cuda",
  "torch_version": "2.5.1+cu121",
  "loss_mode": "hl_gauss",
  "evaluation": [
    {
      "method": "random",
      "instance": "data/instances/validation/real_08.cip",
      "seed": 100,
      "policy_seed": 10111,
      "status": "nodelimit",
      "nodes": 20,
      "solving_time": 24.48072,
      "reward": -19.0,
      "transitions": 20,
      "mean_rank": 0.0,
      "inference_time": 0.0
    },
    {
      "method": "untrained",
      "instance": "data/instances/validation/real_08.cip",
      "seed": 100,
      "policy_seed": 10123,
      "status": "nodelimit",
      "nodes": 20,
      "solving_time": 24.621722,
      "reward": -19.0,
      "transitions": 20,
      "mean_rank": 1.0,
      "inference_time": 0.21760235299734632
    },
    {
      "method": "rl",
      "instance": "data/instances/validation/real_08.cip",
      "seed": 100,
      "policy_seed": 10137,
      "status": "nodelimit",
      "nodes": 20,
      "solving_time": 22.707283,
      "reward": -19.0,
      "transitions": 19,
      "mean_rank": 1.0,
      "inference_time": 0.2072377600125037
    }
  ]
}
