Reading edges
Reading pairs
Solving problem
SCIP
mip_gap: 0
branching: rl-gcnn (rlgcnn)
protocol: production-scip
seed: 3
pairs size: 181
nodes size: 126
edges size: 150
copy   num: 4
Solving...
permute transformed problem using random seed 3
presolving:
(round 1, fast)       38533 del vars, 52937 del conss, 0 add conss, 16271 chg bounds, 108810 chg sides, 296409 chg coeffs, 0 upgd conss, 0 impls, 589 clqs
(round 2, fast)       43483 del vars, 87373 del conss, 0 add conss, 18065 chg bounds, 128497 chg sides, 296409 chg coeffs, 0 upgd conss, 0 impls, 589 clqs
(round 3, fast)       49845 del vars, 92021 del conss, 0 add conss, 18311 chg bounds, 130529 chg sides, 296409 chg coeffs, 0 upgd conss, 0 impls, 581 clqs
(round 4, fast)       50658 del vars, 92542 del conss, 0 add conss, 18329 chg bounds, 130572 chg sides, 296409 chg coeffs, 0 upgd conss, 0 impls, 581 clqs
(round 5, fast)       50699 del vars, 92588 del conss, 0 add conss, 18329 chg bounds, 130572 chg sides, 296409 chg coeffs, 0 upgd conss, 0 impls, 581 clqs
(round 6, exhaustive) 50711 del vars, 92612 del conss, 0 add conss, 18353 chg bounds, 130576 chg sides, 296409 chg coeffs, 1984 upgd conss, 0 impls, 581 clqs
   (4.2s) probing: 51/1900 (2.7%) - 0 fixings, 0 aggregations, 0 implications, 0 bound changes
   (4.2s) probing aborted: 50/50 successive totally useless probings
   (6.7s) symmetry computation started: requiring (bin +, int -, cont +), (fixed: bin -, int +, cont -)
   (7.2s) symmetry computation finished: 10 generators found (max: 1500, log10 of symmetry group size: 3.4)
presolving (7 rounds: 7 fast, 2 medium, 2 exhaustive):
 50711 deleted vars, 92612 deleted constraints, 8 added constraints, 18353 tightened bounds, 0 added holes, 130576 changed sides, 296409 changed coefficients
 0 implications, 581 cliques
presolved problem has 33167 variables (1900 bin, 0 int, 0 impl, 31267 cont) and 122140 constraints
      3 constraints of type <knapsack>
    581 constraints of type <setppc>
 120148 constraints of type <linear>
      8 constraints of type <orbitope>
   1400 constraints of type <logicor>
Presolving Time: 6.70

 time | node  | left  |LP iter|LP it/n|mem/heur|mdpt |vars |cons |rows |cuts |sepa|confs|strbr|  dualbound   | primalbound  |  gap   | compl. 
 19.3s|     1 |     0 | 22032 |     - |   946M |   0 |  33k| 122k| 122k|   0 |  0 |  55 |   0 | 3.137360e+00 |      --      |    Inf | unknown

SCIP Status        : solving was interrupted [time limit reached]
Solving Time (sec) : 33.82
Solving Nodes      : 1
Primal Bound       : +1.00000000000000e+20 (0 solutions)
Dual Bound         : +3.13735999999999e+00
Gap                : infinite
OTHER_STATUS
Execute success
