Reading edges
Reading pairs
Solving problem
SCIP
mip_gap: 0
branching: rl-mlp (rlmlp)
protocol: controlled-bbmdp
seed: 2
pairs size: 7
nodes size: 287
edges size: 330
copy   num: 4
Solving...
permute transformed problem using random seed 2
presolving:
(round 1, fast)       3643 del vars, 5421 del conss, 0 add conss, 1769 chg bounds, 10123 chg sides, 24723 chg coeffs, 0 upgd conss, 0 impls, 911 clqs
(round 2, fast)       4052 del vars, 8604 del conss, 0 add conss, 1809 chg bounds, 11988 chg sides, 24723 chg coeffs, 0 upgd conss, 0 impls, 911 clqs
(round 3, fast)       5428 del vars, 8836 del conss, 0 add conss, 1809 chg bounds, 12017 chg sides, 24723 chg coeffs, 0 upgd conss, 0 impls, 769 clqs
(round 4, fast)       5477 del vars, 8843 del conss, 0 add conss, 1809 chg bounds, 12021 chg sides, 24723 chg coeffs, 0 upgd conss, 0 impls, 767 clqs
(round 5, fast)       5485 del vars, 8843 del conss, 0 add conss, 2569 chg bounds, 12021 chg sides, 24723 chg coeffs, 0 upgd conss, 0 impls, 767 clqs
(round 6, fast)       5865 del vars, 9635 del conss, 0 add conss, 2569 chg bounds, 12301 chg sides, 24723 chg coeffs, 0 upgd conss, 0 impls, 767 clqs
(round 7, exhaustive) 5865 del vars, 9643 del conss, 0 add conss, 2569 chg bounds, 12301 chg sides, 24723 chg coeffs, 770 upgd conss, 0 impls, 767 clqs
   (0.4s) probing: 51/1860 (2.7%) - 0 fixings, 0 aggregations, 0 implications, 0 bound changes
   (0.4s) probing aborted: 50/50 successive totally useless probings
   (0.5s) symmetry computation started: requiring (bin +, int -, cont +), (fixed: bin -, int +, cont -)
   (0.5s) symmetry computation finished: 9 generators found (max: 1500, log10 of symmetry group size: 2.7)
   (0.5s) no symmetry on binary variables present.
presolving (8 rounds: 8 fast, 2 medium, 2 exhaustive):
 5865 deleted vars, 9643 deleted constraints, 9 added constraints, 2569 tightened bounds, 0 added holes, 12301 changed sides, 24723 changed coefficients
 0 implications, 767 cliques
presolved problem has 4881 variables (1860 bin, 0 int, 0 impl, 3021 cont) and 12441 constraints
      3 constraints of type <knapsack>
    767 constraints of type <setppc>
  11671 constraints of type <linear>
Presolving Time: 0.50

 time | node  | left  |LP iter|LP it/n|mem/heur|mdpt |vars |cons |rows |cuts |sepa|confs|strbr|  dualbound   | primalbound  |  gap   | compl. 
p 0.7s|     1 |     0 |   886 |     - |shiftand|   0 |4881 |  12k|  12k|   0 |  0 |   3 |   0 | 3.988000e-04 | 3.324003e-03 | 733.50%| unknown
  0.8s|     1 |     0 |  1973 |     - |   126M |   0 |4881 |  12k|  12k|   0 |  0 |   3 |   0 | 2.277600e-03 | 3.324003e-03 |  45.94%| unknown
  0.9s|     1 |     0 |  1978 |     - |   128M |   0 |4881 |  12k|  12k|   1 |  1 |   5 |   0 | 2.277600e-03 | 3.324003e-03 |  45.94%| unknown
  0.9s|     1 |     0 |  1981 |     - |   129M |   0 |4881 |  12k|  12k|   2 |  2 |   7 |   0 | 2.277600e-03 | 3.324003e-03 |  45.94%| unknown
  0.9s|     1 |     0 |  1992 |     - |   131M |   0 |4881 |  12k|  12k|   4 |  3 |   7 |   0 | 2.277600e-03 | 3.324003e-03 |  45.94%| unknown
  1.0s|     1 |     0 |  2000 |     - |   132M |   0 |4881 |  12k|  12k|   5 |  4 |   7 |   0 | 2.277600e-03 | 3.324003e-03 |  45.94%| unknown
  1.0s|     1 |     0 |  2011 |     - |   133M |   0 |4881 |  12k|  12k|   7 |  5 |   7 |   0 | 2.277600e-03 | 3.324003e-03 |  45.94%| unknown
  1.1s|     1 |     0 |  2025 |     - |   135M |   0 |4881 |  12k|  12k|   8 |  6 |   7 |   0 | 2.277600e-03 | 3.324003e-03 |  45.94%| unknown
L 1.4s|     1 |     0 |  2025 |     - |    rens|   0 |4881 |  12k|  12k|   8 |  8 |   7 |   0 | 2.277600e-03 | 2.277600e-03 |   0.00%| unknown
  1.4s|     1 |     0 |  2025 |     - |   136M |   0 |4881 |  12k|  12k|   8 |  8 |   7 |   0 | 2.277600e-03 | 2.277600e-03 |   0.00%| unknown

SCIP Status        : problem is solved [optimal solution found]
Solving Time (sec) : 1.38
Solving Nodes      : 1
Primal Bound       : +2.27760000000000e-03 (2 solutions)
Dual Bound         : +2.27760000000000e-03
Gap                : 0.00 %
OPTIMAL
Solution:
Objective value = 0.0022776
Checking cycles
No cycle
Total best res: 0.0025445
Outputing results
Execute success
