Reading edges
Reading pairs
Solving problem
SCIP
mip_gap: 0
branching: rl-gcnn (rlgcnn)
protocol: production-scip
seed: 0
pairs size: 26
nodes size: 410
edges size: 461
copy   num: 4
Solving...
presolving:
(round 1, fast)       20277 del vars, 34623 del conss, 0 add conss, 8464 chg bounds, 49172 chg sides, 107832 chg coeffs, 0 upgd conss, 0 impls, 1506 clqs
(round 2, fast)       23097 del vars, 42477 del conss, 0 add conss, 9279 chg bounds, 51084 chg sides, 107832 chg coeffs, 0 upgd conss, 0 impls, 1314 clqs
(round 3, fast)       25646 del vars, 45109 del conss, 0 add conss, 9389 chg bounds, 51672 chg sides, 107832 chg coeffs, 0 upgd conss, 0 impls, 1302 clqs
(round 4, fast)       26588 del vars, 45878 del conss, 0 add conss, 9450 chg bounds, 51932 chg sides, 107832 chg coeffs, 0 upgd conss, 0 impls, 1266 clqs
(round 5, fast)       26713 del vars, 46712 del conss, 0 add conss, 9474 chg bounds, 52300 chg sides, 107832 chg coeffs, 0 upgd conss, 0 impls, 1262 clqs
(round 6, fast)       26848 del vars, 46732 del conss, 0 add conss, 9474 chg bounds, 52300 chg sides, 107832 chg coeffs, 0 upgd conss, 0 impls, 1254 clqs
(round 7, fast)       26848 del vars, 46732 del conss, 0 add conss, 10494 chg bounds, 52300 chg sides, 107832 chg coeffs, 0 upgd conss, 0 impls, 1254 clqs
(round 8, fast)       27356 del vars, 58692 del conss, 0 add conss, 10494 chg bounds, 60340 chg sides, 108456 chg coeffs, 0 upgd conss, 0 impls, 1254 clqs
(round 9, fast)       29672 del vars, 58928 del conss, 0 add conss, 10494 chg bounds, 60340 chg sides, 108456 chg coeffs, 0 upgd conss, 0 impls, 1018 clqs
(round 10, fast)       29672 del vars, 58928 del conss, 0 add conss, 10942 chg bounds, 60340 chg sides, 108456 chg coeffs, 0 upgd conss, 0 impls, 1018 clqs
(round 11, fast)       29896 del vars, 59400 del conss, 0 add conss, 10942 chg bounds, 60772 chg sides, 108456 chg coeffs, 0 upgd conss, 0 impls, 1018 clqs
(round 12, exhaustive) 29896 del vars, 59420 del conss, 0 add conss, 10942 chg bounds, 60772 chg sides, 108456 chg coeffs, 1149 upgd conss, 0 impls, 1018 clqs
   (0.7s) probing: 51/2432 (2.1%) - 0 fixings, 0 aggregations, 0 implications, 0 bound changes
   (0.7s) probing aborted: 50/50 successive totally useless probings
   (0.9s) symmetry computation started: requiring (bin +, int -, cont +), (fixed: bin -, int +, cont -)
   (1.8s) symmetry computation finished: 1228 generators found (max: 1500, log10 of symmetry group size: 787.3)
(round 13, exhaustive) 29896 del vars, 59420 del conss, 5179 add conss, 10942 chg bounds, 60772 chg sides, 108456 chg coeffs, 1149 upgd conss, 0 impls, 1018 clqs
presolving (14 rounds: 14 fast, 3 medium, 3 exhaustive):
 29896 deleted vars, 59420 deleted constraints, 5179 added constraints, 10942 tightened bounds, 0 added holes, 60772 changed sides, 108456 changed coefficients
 0 implications, 1018 cliques
presolved problem has 11494 variables (2432 bin, 0 int, 0 impl, 9062 cont) and 46562 constraints
      3 constraints of type <knapsack>
   1018 constraints of type <setppc>
  45413 constraints of type <linear>
    128 constraints of type <logicor>
Presolving Time: 3.82

 time | node  | left  |LP iter|LP it/n|mem/heur|mdpt |vars |cons |rows |cuts |sepa|confs|strbr|  dualbound   | primalbound  |  gap   | compl. 
  4.5s|     1 |     0 |  5903 |     - |   540M |   0 |  11k|  46k|  41k|   0 |  0 |  34 |   0 | 3.222500e-01 |      --      |    Inf | unknown
 12.1s|     1 |     0 | 13620 |     - |   548M |   0 |  11k|  46k|  41k|   1 |  1 |  34 |   0 | 3.222500e-01 |      --      |    Inf | unknown
 12.2s|     1 |     0 | 13630 |     - |   553M |   0 |  11k|  46k|  41k|   4 |  2 |  34 |   0 | 3.222500e-01 |      --      |    Inf | unknown
 12.4s|     1 |     0 | 13662 |     - |   558M |   0 |  11k|  46k|  41k|   6 |  3 |  38 |   0 | 3.222500e-01 |      --      |    Inf | unknown
 12.6s|     1 |     0 | 13685 |     - |   564M |   0 |  11k|  46k|  41k|   9 |  4 |  38 |   0 | 3.222500e-01 |      --      |    Inf | unknown
 12.7s|     1 |     0 | 13696 |     - |   572M |   0 |  11k|  46k|  41k|  11 |  5 |  38 |   0 | 3.222500e-01 |      --      |    Inf | unknown
 12.9s|     1 |     0 | 13709 |     - |   579M |   0 |  11k|  46k|  41k|  12 |  6 |  38 |   0 | 3.222500e-01 |      --      |    Inf | unknown
 13.1s|     1 |     0 | 13755 |     - |   586M |   0 |  11k|  46k|  41k|  14 |  7 |  38 |   0 | 3.222500e-01 |      --      |    Inf | unknown
 13.3s|     1 |     0 | 13772 |     - |   594M |   0 |  11k|  46k|  41k|  17 |  8 |  38 |   0 | 3.222500e-01 |      --      |    Inf | unknown
 13.5s|     1 |     0 | 13783 |     - |   602M |   0 |  11k|  46k|  41k|  19 |  9 |  38 |   0 | 3.222500e-01 |      --      |    Inf | unknown
 13.8s|     1 |     0 | 13791 |     - |   611M |   0 |  11k|  46k|  41k|  21 | 10 |  38 |   0 | 3.222500e-01 |      --      |    Inf | unknown
 13.9s|     1 |     0 | 13802 |     - |   615M |   0 |  11k|  46k|  41k|  22 | 11 |  38 |   0 | 3.222500e-01 |      --      |    Inf | unknown
L16.2s|     1 |     0 | 13802 |     - |    rens|   0 |  11k|  46k|  41k|  22 | 11 |  38 |   0 | 3.222500e-01 | 3.222500e-01 |   0.00%| unknown
 16.2s|     1 |     0 | 13802 |     - |   616M |   0 |  11k|  46k|  41k|  22 | 11 |  38 |   0 | 3.222500e-01 | 3.222500e-01 |   0.00%| unknown

SCIP Status        : problem is solved [optimal solution found]
Solving Time (sec) : 16.21
Solving Nodes      : 1
Primal Bound       : +3.22250000000000e-01 (1 solutions)
Dual Bound         : +3.22250000000000e-01
Gap                : 0.00 %
OPTIMAL
Solution:
Objective value = 0.32225
Checking cycles
No cycle
Total best res: 0.33695
Outputing results
Execute success
