Reading edges
Reading pairs
Solving problem
SCIP
mip_gap: 0
branching: default (relpscost)
protocol: project-production-v1
seed: 0
pairs size: 194
nodes size: 454
edges size: 549
copy   num: 4
Solving...
presolving:
(round 1, fast)       181928 del vars, 394578 del conss, 0 add conss, 119810 chg bounds, 425880 chg sides, 816264 chg coeffs, 0 upgd conss, 0 impls, 1914 clqs
(round 2, fast)       218962 del vars, 443520 del conss, 0 add conss, 127273 chg bounds, 430635 chg sides, 816264 chg coeffs, 0 upgd conss, 0 impls, 1750 clqs
(round 3, fast)       236765 del vars, 475375 del conss, 0 add conss, 128649 chg bounds, 445316 chg sides, 816264 chg coeffs, 0 upgd conss, 0 impls, 1750 clqs
(round 4, fast)       243188 del vars, 485299 del conss, 0 add conss, 129054 chg bounds, 448804 chg sides, 816264 chg coeffs, 0 upgd conss, 0 impls, 1698 clqs
(round 5, fast)       244993 del vars, 490957 del conss, 0 add conss, 129358 chg bounds, 452048 chg sides, 816264 chg coeffs, 0 upgd conss, 0 impls, 1674 clqs
(round 6, fast)       245768 del vars, 492400 del conss, 0 add conss, 129370 chg bounds, 452512 chg sides, 816264 chg coeffs, 0 upgd conss, 0 impls, 1674 clqs
(round 7, fast)       245965 del vars, 492757 del conss, 0 add conss, 129370 chg bounds, 452528 chg sides, 816264 chg coeffs, 0 upgd conss, 0 impls, 1674 clqs
(round 8, exhaustive) 245976 del vars, 493096 del conss, 0 add conss, 131629 chg bounds, 452528 chg sides, 816264 chg coeffs, 0 upgd conss, 0 impls, 1674 clqs
(round 9, fast)       247090 del vars, 571458 del conss, 0 add conss, 131629 chg bounds, 505340 chg sides, 817728 chg coeffs, 0 upgd conss, 0 impls, 1674 clqs
(round 10, fast)       260131 del vars, 571478 del conss, 0 add conss, 131629 chg bounds, 505340 chg sides, 817728 chg coeffs, 0 upgd conss, 0 impls, 1654 clqs
(round 11, exhaustive) 260131 del vars, 571490 del conss, 0 add conss, 131629 chg bounds, 505340 chg sides, 817728 chg coeffs, 2741 upgd conss, 0 impls, 1654 clqs
   (7.3s) sparsify finished: 9/974116 (0.0%) nonzeros canceled - in total 9 canceled nonzeros, 9 changed coefficients, 0 added nonzeros
   (7.4s) probing: 52/4480 (1.2%) - 12 fixings, 0 aggregations, 0 implications, 6 bound changes
   (7.4s) probing aborted: 50/50 successive totally useless probings
   (10.2s) symmetry computation started: requiring (bin +, int -, cont +), (fixed: bin -, int +, cont -)
   (12.8s) symmetry computation finished: 964 generators found (max: 964, log10 of symmetry group size: 617.0)
   (12.8s) no symmetry on binary variables present.
(round 12, exhaustive) 260143 del vars, 571490 del conss, 4250 add conss, 131635 chg bounds, 505340 chg sides, 817737 chg coeffs, 2741 upgd conss, 0 impls, 1654 clqs
   (27.1s) probing: 57/4480 (1.3%) - 12 fixings, 0 aggregations, 0 implications, 6 bound changes
   (27.1s) probing aborted: 50/50 successive totally useless probings
presolving (13 rounds: 13 fast, 4 medium, 4 exhaustive):
 260164 deleted vars, 571595 deleted constraints, 4250 added constraints, 131635 tightened bounds, 0 added holes, 505364 changed sides, 817737 changed coefficients
 0 implications, 1654 cliques
presolved problem has 66338 variables (4480 bin, 0 int, 0 impl, 61858 cont) and 296325 constraints
      3 constraints of type <knapsack>
   1654 constraints of type <setppc>
 293572 constraints of type <linear>
   1096 constraints of type <logicor>
Presolving Time: 25.84

 time | node  | left  |LP iter|LP it/n|mem/heur|mdpt |vars |cons |rows |cuts |sepa|confs|strbr|  dualbound   | primalbound  |  gap   | compl. 
 49.3s|     1 |     0 | 33443 |     - |  2696M |   0 |  66k| 296k| 292k|   0 |  0 |  81 |   0 | 3.071959e+00 |      --      |    Inf | unknown
  798s|     1 |     0 | 57767 |     - |  2747M |   0 |  66k| 296k| 292k|   6 |  1 |  82 |   0 | 3.071959e+00 |      --      |    Inf | unknown
  801s|     1 |     0 | 57993 |     - |  2788M |   0 |  66k| 296k| 292k|  15 |  2 |  82 |   0 | 3.071959e+00 |      --      |    Inf | unknown
  803s|     1 |     0 | 58161 |     - |  2828M |   0 |  66k| 296k| 292k|  20 |  3 |  82 |   0 | 3.071959e+00 |      --      |    Inf | unknown
  805s|     1 |     0 | 58262 |     - |  2873M |   0 |  66k| 296k| 292k|  28 |  4 |  84 |   0 | 3.071959e+00 |      --      |    Inf | unknown
  807s|     1 |     0 | 58385 |     - |  2919M |   0 |  66k| 296k| 292k|  34 |  5 |  84 |   0 | 3.071959e+00 |      --      |    Inf | unknown
  809s|     1 |     0 | 58485 |     - |  2964M |   0 |  66k| 296k| 292k|  39 |  6 |  85 |   0 | 3.071959e+00 |      --      |    Inf | unknown
  812s|     1 |     0 | 58678 |     - |  3017M |   0 |  66k| 296k| 292k|  46 |  7 |  86 |   0 | 3.071959e+00 |      --      |    Inf | unknown
  814s|     1 |     0 | 58718 |     - |  3066M |   0 |  66k| 296k| 292k|  50 |  8 |  87 |   0 | 3.071959e+00 |      --      |    Inf | unknown
  816s|     1 |     0 | 58730 |     - |  3110M |   0 |  66k| 296k| 292k|  53 |  9 |  88 |   0 | 3.071959e+00 |      --      |    Inf | unknown
  819s|     1 |     0 | 58805 |     - |  3155M |   0 |  66k| 296k| 292k|  55 | 10 |  89 |   0 | 3.071959e+00 |      --      |    Inf | unknown
  821s|     1 |     0 | 58808 |     - |  3187M |   0 |  66k| 296k| 292k|  56 | 11 |  89 |   0 | 3.071959e+00 |      --      |    Inf | unknown
  853s|     1 |     2 | 59516 |     - |  3197M |   0 |  66k| 296k| 292k|  56 | 11 |  93 |  19 | 3.071959e+00 |      --      |    Inf | unknown
 1473s|   100 |   101 | 68015 |  93.0 |  3326M |  87 |  66k| 296k| 292k| 107 |  1 |  93 |1272 | 3.071959e+00 |      --      |    Inf | unknown
 1690s|   200 |   199 | 75835 |  85.6 |  3405M | 186 |  66k| 296k| 292k| 123 |  1 |  97 |2097 | 3.071959e+00 |      --      |    Inf | unknown
 time | node  | left  |LP iter|LP it/n|mem/heur|mdpt |vars |cons |rows |cuts |sepa|confs|strbr|  dualbound   | primalbound  |  gap   | compl. 
 1713s|   300 |   297 | 81423 |  75.6 |  3417M | 285 |  66k| 296k| 292k| 124 |  1 |  99 |2135 | 3.071959e+00 |      --      |    Inf | unknown
 1733s|   400 |   397 | 84568 |  64.6 |  3434M | 327 |  66k| 296k| 292k| 125 |  1 | 103 |2169 | 3.071959e+00 |      --      |    Inf | unknown
 1753s|   500 |   497 | 88854 |  60.2 |  3442M | 327 |  66k| 296k| 292k| 126 |  1 | 103 |2203 | 3.071959e+00 |      --      |    Inf | unknown
 1771s|   600 |   597 | 92839 |  56.8 |  3445M | 327 |  66k| 296k| 292k| 128 |  1 | 105 |2226 | 3.071959e+00 |      --      |    Inf | unknown
 1787s|   700 |   687 | 95532 |  52.5 |  3424M | 351 |  66k| 296k| 292k| 128 |  1 | 115 |2250 | 3.071959e+00 |      --      |    Inf | unknown
r1789s|   720 |   607 | 95556 |  51.1 |ziroundi| 367 |  66k| 296k| 292k| 128 |  1 | 123 |2250 | 3.071959e+00 | 3.103141e+00 |   1.02%| unknown
r1821s|   793 |   242 | 98740 |  50.4 |ziroundi| 367 |  66k| 296k| 292k| 152 |  1 | 123 |2277 | 3.071959e+00 | 3.074965e+00 |   0.10%| unknown
 1824s|   800 |   247 | 99463 |  50.9 |  3410M | 367 |  66k| 296k| 292k| 152 |  1 | 123 |2284 | 3.071959e+00 | 3.074965e+00 |   0.10%| unknown
 1855s|   900 |   341 |107951 |  54.7 |  3434M | 367 |  66k| 296k| 292k| 158 |  1 | 123 |2355 | 3.071959e+00 | 3.074965e+00 |   0.10%| unknown
L2201s|   993 |   342 |140532 |  82.4 |    rins| 367 |  66k| 296k| 292k| 181 |  1 | 123 |2409 | 3.071959e+00 | 3.072981e+00 |   0.03%| unknown
 2208s|  1000 |   349 |142303 |  83.6 |  3534M | 367 |  66k| 296k| 292k| 182 |  1 | 123 |2428 | 3.071959e+00 | 3.072981e+00 |   0.03%| unknown
 2234s|  1100 |   435 |145665 |  79.0 |  3534M | 367 |  66k| 296k| 292k| 184 |  1 | 127 |2471 | 3.071959e+00 | 3.072981e+00 |   0.03%| unknown
r2246s|  1182 |   346 |146871 |  74.6 |shifting| 367 |  66k| 296k| 292k| 184 |  0 | 131 |2487 | 3.071959e+00 | 3.072601e+00 |   0.02%| unknown
 2250s|  1200 |   352 |147414 |  73.9 |  3541M | 367 |  66k| 296k| 292k| 184 |  0 | 131 |2500 | 3.071959e+00 | 3.072601e+00 |   0.02%| unknown
 2267s|  1300 |   450 |150220 |  70.4 |  3541M | 367 |  66k| 296k| 292k| 184 |  1 | 131 |2521 | 3.071959e+00 | 3.072601e+00 |   0.02%| unknown
 time | node  | left  |LP iter|LP it/n|mem/heur|mdpt |vars |cons |rows |cuts |sepa|confs|strbr|  dualbound   | primalbound  |  gap   | compl. 
r2267s|  1309 |   335 |150238 |  69.9 |shifting| 367 |  66k| 296k| 292k| 184 |  0 | 135 |2521 | 3.071959e+00 | 3.072543e+00 |   0.02%| unknown
 2319s|  1400 |   382 |156362 |  69.7 |  3583M | 367 |  66k| 296k| 292k| 254 |  1 | 135 |2553 | 3.071959e+00 | 3.072543e+00 |   0.02%| unknown
 2342s|  1500 |   404 |158743 |  66.7 |  3619M | 367 |  66k| 296k| 292k| 269 |  1 | 136 |2568 | 3.071959e+00 | 3.072543e+00 |   0.02%| unknown
 5838s|  1600 |   472 |166215 |  67.2 |  3720M | 367 |  66k| 296k| 292k| 360 |  0 |1759 |2602 | 3.071959e+00 | 3.072543e+00 |   0.02%| unknown
 5855s|  1700 |   504 |168826 |  64.8 |  3723M | 367 |  66k| 296k| 292k| 371 |  0 |1762 |2628 | 3.071959e+00 | 3.072543e+00 |   0.02%| unknown
 5926s|  1800 |   574 |178448 |  66.5 |  3810M | 367 |  66k| 296k| 292k| 424 |  0 |1772 |2674 | 3.071959e+00 | 3.072543e+00 |   0.02%| unknown
 5964s|  1900 |   650 |183557 |  65.7 |  3816M | 367 |  66k| 296k| 292k| 452 |  1 |1777 |2706 | 3.071959e+00 | 3.072543e+00 |   0.02%| unknown
 6577s|  2000 |   702 |207559 |  74.4 |  3820M | 367 |  66k| 296k| 292k| 477 |  1 |1779 |2723 | 3.071959e+00 | 3.072543e+00 |   0.02%| unknown
 6597s|  2100 |   754 |210652 |  72.3 |  3824M | 367 |  66k| 296k| 292k| 487 |  0 |1785 |2749 | 3.071959e+00 | 3.072543e+00 |   0.02%| unknown
 6615s|  2200 |   798 |213625 |  70.4 |  3831M | 367 |  66k| 296k| 292k| 491 |  1 |1785 |2775 | 3.071959e+00 | 3.072543e+00 |   0.02%| unknown
 6639s|  2300 |   873 |216972 |  68.8 |  3892M | 367 |  66k| 296k| 292k| 524 |  1 |1797 |2817 | 3.071959e+00 | 3.072543e+00 |   0.02%| unknown
 6659s|  2400 |   971 |220650 |  67.5 |  3905M | 367 |  66k| 296k| 292k| 526 |  1 |1797 |2852 | 3.071959e+00 | 3.072543e+00 |   0.02%| unknown
 6677s|  2500 |  1071 |223312 |  65.8 |  3911M | 367 |  66k| 296k| 292k| 526 |  1 |1797 |2884 | 3.071959e+00 | 3.072543e+00 |   0.02%| unknown
*6685s|  2556 |     0 |224481 |  64.8 |    LP  | 367 |  66k| 296k| 292k| 526 |  1 |1807 |2894 | 3.071959e+00 | 3.071959e+00 |   0.00%| 100.00%

SCIP Status        : problem is solved [optimal solution found]
Solving Time (sec) : 6684.99
Solving Nodes      : 2556
Primal Bound       : +3.07195899999999e+00 (9 solutions)
Dual Bound         : +3.07195899999999e+00
Gap                : 0.00 %
OPTIMAL
Solution:
Objective value = 3.07196
Checking cycles
No cycle
Total best res: 3.21329
Outputing results
Execute success
