d ./code
d ./code/data
d ./code/data/.ipynb_checkpoints
d ./dataset
d ./docs
d ./paper
d ./project
d ./related_paper
d ./results
d ./results/audit
f ./README.md
f ./code/data/dataext.py
f ./code/data/edges-2.csv
f ./code/data/edges-3.csv
f ./code/data/edges-4.csv
f ./code/data/edges.csv
f ./code/data/edges_0.03x.csv
f ./code/data/edges_0.05x.csv
f ./code/data/edges_0.1x.csv
f ./code/data/edges_0.25x.csv
f ./code/data/edges_0.5x.csv
f ./code/data/edges_1.25x.csv
f ./code/data/edges_1.5x.csv
f ./code/data/edges_1.75x.csv
f ./code/data/edges_2.0x.csv
f ./code/data/edges_2.25x.csv
f ./code/data/edges_2.5x.csv
f ./code/data/edges_2.75x.csv
f ./code/data/edges_3.0x.csv
f ./code/data/edges_4.0x.csv
f ./code/data/name_to_copynums.csv
f ./code/data/pairs-2.csv
f ./code/data/pairs-3-40.csv
f ./code/data/pairs-4-246.csv
f ./code/data/pairs.csv
f ./code/data/pairs_0.03x.csv
f ./code/data/pairs_0.05x.csv
f ./code/data/pairs_0.1x.csv
f ./code/data/pairs_0.25x.csv
f ./code/data/pairs_0.5x.csv
f ./code/data/pairs_1.25x.csv
f ./code/data/pairs_1.5x.csv
f ./code/data/pairs_1.75x.csv
f ./code/data/pairs_2.0x.csv
f ./code/data/pairs_2.25x.csv
f ./code/data/pairs_2.5x.csv
f ./code/data/pairs_2.75x.csv
f ./code/data/pairs_3.0x.csv
f ./code/data/pairs_4.0x.csv
f ./code/data/prisol-246.csv
f ./code/data/prisol.py
f ./code/data/test_edges.csv
f ./code/data/test_pairs.csv
f ./code/scip_heur.cpp
f ./code/scip_tree.cpp
f ./dataset/dataext.py
f ./dataset/edges-1.csv
f ./dataset/edges-2.csv
f ./dataset/edges-3.csv
f ./dataset/edges-4.csv
f ./dataset/edges-5.csv
f ./dataset/edges-6.csv
f ./dataset/edges-7.csv
f ./dataset/edges-8.csv
f ./dataset/edges-9.csv
f ./dataset/network_data.rar
f ./dataset/pairs-1.csv
f ./dataset/pairs-2.csv
f ./dataset/pairs-3.csv
f ./dataset/pairs-4.csv
f ./dataset/pairs-5.csv
f ./dataset/pairs-6.csv
f ./dataset/pairs-7.csv
f ./dataset/pairs-8.csv
f ./dataset/pairs-9.csv
f ./docs/.gitkeep
f ./paper/.DS_Store
f ./paper/ACM-Reference-Format.bst
f ./paper/acmart.cls
f ./paper/algorithmic.sty
f ./paper/appendix-bak.tex
f ./paper/appendix-short.tex
f ./paper/appendix.tex
f ./paper/commands.tex
f ./paper/paper.aux
f ./paper/paper.bbl
f ./paper/paper.bib
f ./paper/paper.blg
f ./paper/paper.log
f ./paper/paper.out
f ./paper/paper.pdf
f ./paper/paper.synctex.gz
f ./paper/paper.tex
f ./paper/sec-abst.tex
f ./paper/sec-conc.tex
f ./paper/sec-expt.tex
f ./paper/sec-framework.tex
f ./paper/sec-intro.tex
f ./paper/sec-model.tex
f ./paper/sec-prelim.tex
f ./paper/sec-proof.tex
f ./paper/sec-work.tex
f ./project/.gitkeep
f ./project/scip_tree.cpp
f ./related_paper/2402.05501v1.pdf
f ./related_paper/2510.19348v1.pdf
f ./related_paper/ICLR-2025-learning-to-select-nodes-in-branch-and-bound-with-sufficient-tree-representation-Supplemental-Conference.pdf
f ./results/audit/.gitkeep
f ./results/audit/compile_code_scip_tree.log
f ./results/audit/compile_project_scip_tree.log
f ./results/audit/dependency_probe.log
f ./results/audit/directory_structure.log
f ./results/audit/environment.log
f ./results/audit/run_original.log
