Mon Aug  3 07:26:38 UTC 2026
/home/duweiyue25/acyclic_cable_harness
7a675433c813412f817af50c7b168a527af147c3
Python 3.11.15
g++ (Ubuntu 11.4.0-1ubuntu1~22.04) 11.4.0
Copyright (C) 2021 Free Software Foundation, Inc.
This is free software; see the source for copying conditions.  There is NO
warranty; not even for MERCHANTABILITY or FITNESS FOR A PARTICULAR PURPOSE.

SCIP version 8.0.4 [precision: 8 byte] [memory: block] [mode: optimized] [LP solver: Soplex 6.0.4] [GitHash: a8e51afd1e]
Copyright (c) 2002-2023 Zuse Institute Berlin (ZIB)

External libraries: 
  Readline 8.1         GNU library for command line editing (gnu.org/s/readline)
  Soplex 6.0.4         Linear Programming Solver developed at Zuse Institute Berlin (soplex.zib.de) [GitHash: 950b1658]
  CppAD 20180000.0     Algorithmic Differentiation of C++ algorithms developed by B. Bell (github.com/coin-or/CppAD)
  ZLIB 1.2.11          General purpose compression library by J. Gailly and M. Adler (zlib.net)
  GMP 6.2.1            GNU Multiple Precision Arithmetic Library developed by T. Granlund (gmplib.org)
  AMPL/MP 4e2d45c4     AMPL .nl file reader library (github.com/ampl/mp)
  bliss 0.77           Computing Graph Automorphism Groups by T. Junttila and P. Kaski (www.tcs.hut.fi/Software/bliss/)

Compiler: gcc 11.4.0

Build options:
 ARCH=x86_64
 OSTYPE=Linux-5.15.0-161-generic
 COMP=GNU 11.4.0
 BUILD=Release
 DEBUGSOL=OFF
 EXPRINT=cppad
 SYM=bliss
 GMP=ON
 IPOPT=off
 WORHP=OFF
 LPS=spx
 LPSCHECK=OFF
 NOBLKBUFMEM=OFF
 NOBLKMEM=OFF
 NOBUFMEM=OFF
 THREADSAFE=ON
 READLINE=ON
 SANITIZE_ADDRESS=OFF
 SANITIZE_MEMORY=OFF
 SANITIZE_UNDEFINED=ON
 SANITIZE_THREAD=OFF
 SHARED=ON
 VERSION=8.0.4.0
 API_VERSION=104
 ZIMPL=OFF
 ZLIB=ON
Mon Aug  3 07:26:42 2026       
+-----------------------------------------------------------------------------------------+
| NVIDIA-SMI 580.159.03             Driver Version: 580.159.03     CUDA Version: 13.0     |
+-----------------------------------------+------------------------+----------------------+
| GPU  Name                 Persistence-M | Bus-Id          Disp.A | Volatile Uncorr. ECC |
| Fan  Temp   Perf          Pwr:Usage/Cap |           Memory-Usage | GPU-Util  Compute M. |
|                                         |                        |               MIG M. |
|=========================================+========================+======================|
|   0  Tesla V100-SXM2-32GB           On  |   00000000:1A:00.0 Off |                    0 |
| N/A   34C    P0             42W /  300W |       0MiB /  32768MiB |      0%      Default |
|                                         |                        |                  N/A |
+-----------------------------------------+------------------------+----------------------+
|   1  Tesla V100-SXM2-32GB           On  |   00000000:1C:00.0 Off |                    0 |
| N/A   34C    P0             41W /  300W |       0MiB /  32768MiB |      0%      Default |
|                                         |                        |                  N/A |
+-----------------------------------------+------------------------+----------------------+
|   2  Tesla V100-SXM2-32GB           On  |   00000000:1D:00.0 Off |                    0 |
| N/A   32C    P0             43W /  300W |       0MiB /  32768MiB |      0%      Default |
|                                         |                        |                  N/A |
+-----------------------------------------+------------------------+----------------------+
|   3  Tesla V100-SXM2-32GB           On  |   00000000:1E:00.0 Off |                    0 |
| N/A   36C    P0             42W /  300W |       0MiB /  32768MiB |      0%      Default |
|                                         |                        |                  N/A |
+-----------------------------------------+------------------------+----------------------+

+-----------------------------------------------------------------------------------------+
| Processes:                                                                              |
|  GPU   GI   CI              PID   Type   Process name                        GPU Memory |
|        ID   ID                                                               Usage      |
|=========================================================================================|
|  No running processes found                                                             |
+-----------------------------------------------------------------------------------------+
# packages in environment at /home/duweiyue25/conda/envs/rl4scip:
#
# Name                     Version          Build                 Channel
_openmp_mutex              4.5              20_gnu                conda-forge
bzip2                      1.0.8            hda65f42_9            conda-forge
ca-certificates            2026.7.22        hbd8a1cb_0            conda-forge
icu                        78.3             h54a6638_2            conda-forge
ld_impl_linux-64           2.46.1           default_hbd61a6d_102  conda-forge
libexpat                   2.8.1            hecca717_1            conda-forge
libffi                     3.5.2            h3435931_0            conda-forge
libgcc                     16.1.0           ha9f2e26_1            conda-forge
libgcc-ng                  16.1.0           h69a702a_1            conda-forge
libgomp                    16.1.0           he0feb66_1            conda-forge
liblzma                    5.8.3            hb03c661_0            conda-forge
libnsl                     2.0.1            hb9d3cd8_1            conda-forge
libsqlite                  3.53.4           hf4e2dac_0            conda-forge
libstdcxx                  16.1.0           h934c35e_1            conda-forge
libuuid                    2.42.2           h5347b49_0            conda-forge
libxcrypt                  4.4.36           hd590300_1            conda-forge
libzlib                    1.3.2            h25fd6f3_3            conda-forge
ncurses                    6.6              hdb14827_0            conda-forge
openssl                    3.6.3            h35e630c_0            conda-forge
packaging                  26.2             pyhc364b38_0          conda-forge
pip                        26.2             pyh8b19718_0          conda-forge
python                     3.11.15          h7508c33_1_cpython    conda-forge
readline                   8.3              h853b02a_0            conda-forge
setuptools                 83.0.0           pyh332efcf_0          conda-forge
tk                         8.6.13           noxft_hd70dff1_3      conda-forge
tzdata                     2026c            h151e31d_0            conda-forge
wheel                      0.47.0           pyhd8ed1ab_0          conda-forge
zstd                       1.5.7            hb78ec9c_6            conda-forge
