[1/50] controlled-bbmdp real_08 rl-gcnn-3step seed=0 rc=0
[2/50] controlled-bbmdp real_08 rl-gcnn-3step seed=1 rc=0
[3/50] controlled-bbmdp real_08 rl-gcnn-3step seed=2 rc=0
[4/50] controlled-bbmdp real_08 rl-gcnn-3step seed=3 rc=0
[5/50] controlled-bbmdp real_08 rl-gcnn-3step seed=4 rc=0
[6/50] controlled-bbmdp real_08 rl-gcnn-1step seed=0 rc=0
[7/50] controlled-bbmdp real_08 rl-gcnn-1step seed=1 rc=0
[8/50] controlled-bbmdp real_08 rl-gcnn-1step seed=2 rc=0
[9/50] controlled-bbmdp real_08 rl-gcnn-1step seed=3 rc=0
[10/50] controlled-bbmdp real_08 rl-gcnn-1step seed=4 rc=0
[11/50] controlled-bbmdp real_08 rl-gcnn-hlgauss seed=0 rc=0
[12/50] controlled-bbmdp real_08 rl-gcnn-hlgauss seed=1 rc=0
[13/50] controlled-bbmdp real_08 rl-gcnn-hlgauss seed=2 rc=0
[14/50] controlled-bbmdp real_08 rl-gcnn-hlgauss seed=3 rc=0
[15/50] controlled-bbmdp real_08 rl-gcnn-hlgauss seed=4 rc=0
[16/50] controlled-bbmdp real_08 rl-gcnn-no-categories seed=0 rc=0
[17/50] controlled-bbmdp real_08 rl-gcnn-no-categories seed=1 rc=0
[18/50] controlled-bbmdp real_08 rl-gcnn-no-categories seed=2 rc=0
[19/50] controlled-bbmdp real_08 rl-gcnn-no-categories seed=3 rc=0
[20/50] controlled-bbmdp real_08 rl-gcnn-no-categories seed=4 rc=0
[21/50] controlled-bbmdp real_08 rl-gcnn-no-global seed=0 rc=0
[22/50] controlled-bbmdp real_08 rl-gcnn-no-global seed=1 rc=0
[23/50] controlled-bbmdp real_08 rl-gcnn-no-global seed=2 rc=0
[24/50] controlled-bbmdp real_08 rl-gcnn-no-global seed=3 rc=0
[25/50] controlled-bbmdp real_08 rl-gcnn-no-global seed=4 rc=0
[26/50] controlled-bbmdp real_09 rl-gcnn-3step seed=0 rc=0
[27/50] controlled-bbmdp real_09 rl-gcnn-3step seed=1 rc=0
[28/50] controlled-bbmdp real_09 rl-gcnn-3step seed=2 rc=0
[29/50] controlled-bbmdp real_09 rl-gcnn-3step seed=3 rc=0
[30/50] controlled-bbmdp real_09 rl-gcnn-3step seed=4 rc=0
[31/50] controlled-bbmdp real_09 rl-gcnn-1step seed=0 rc=0
[32/50] controlled-bbmdp real_09 rl-gcnn-1step seed=1 rc=0
[33/50] controlled-bbmdp real_09 rl-gcnn-1step seed=2 rc=0
[34/50] controlled-bbmdp real_09 rl-gcnn-1step seed=3 rc=0
[35/50] controlled-bbmdp real_09 rl-gcnn-1step seed=4 rc=0
[36/50] controlled-bbmdp real_09 rl-gcnn-hlgauss seed=0 rc=0
[37/50] controlled-bbmdp real_09 rl-gcnn-hlgauss seed=1 rc=0
[38/50] controlled-bbmdp real_09 rl-gcnn-hlgauss seed=2 rc=0
[39/50] controlled-bbmdp real_09 rl-gcnn-hlgauss seed=3 rc=0
[40/50] controlled-bbmdp real_09 rl-gcnn-hlgauss seed=4 rc=0
[41/50] controlled-bbmdp real_09 rl-gcnn-no-categories seed=0 rc=0
[42/50] controlled-bbmdp real_09 rl-gcnn-no-categories seed=1 rc=0
[43/50] controlled-bbmdp real_09 rl-gcnn-no-categories seed=2 rc=0
[44/50] controlled-bbmdp real_09 rl-gcnn-no-categories seed=3 rc=0
[45/50] controlled-bbmdp real_09 rl-gcnn-no-categories seed=4 rc=0
[46/50] controlled-bbmdp real_09 rl-gcnn-no-global seed=0 rc=0
[47/50] controlled-bbmdp real_09 rl-gcnn-no-global seed=1 rc=0
[48/50] controlled-bbmdp real_09 rl-gcnn-no-global seed=2 rc=0
[49/50] controlled-bbmdp real_09 rl-gcnn-no-global seed=3 rc=0
[50/50] controlled-bbmdp real_09 rl-gcnn-no-global seed=4 rc=0
completed=50 failures=0
