Reading edges
Reading pairs
Solving problem
SCIP
mip_gap: 0
branching: random (random)
protocol: controlled-bbmdp
seed: 3
pairs size: 194
nodes size: 454
edges size: 549
copy   num: 4
Solving...
permute transformed problem using random seed 3
presolving:
(round 1, fast)       184738 del vars, 297707 del conss, 0 add conss, 89525 chg bounds, 427017 chg sides, 1076109 chg coeffs, 0 upgd conss, 0 impls, 1914 clqs
(round 2, fast)       205976 del vars, 455342 del conss, 0 add conss, 95632 chg bounds, 523270 chg sides, 1076109 chg coeffs, 0 upgd conss, 0 impls, 1914 clqs
(round 3, fast)       238840 del vars, 477288 del conss, 0 add conss, 96986 chg bounds, 533131 chg sides, 1076109 chg coeffs, 0 upgd conss, 0 impls, 1750 clqs
(round 4, fast)       243577 del vars, 487710 del conss, 0 add conss, 97541 chg bounds, 536942 chg sides, 1076109 chg coeffs, 0 upgd conss, 0 impls, 1738 clqs
(round 5, fast)       245501 del vars, 491809 del conss, 0 add conss, 97708 chg bounds, 538648 chg sides, 1076109 chg coeffs, 0 upgd conss, 0 impls, 1674 clqs
(round 6, fast)       245928 del vars, 492638 del conss, 0 add conss, 97713 chg bounds, 539064 chg sides, 1076109 chg coeffs, 0 upgd conss, 0 impls, 1674 clqs
(round 7, exhaustive) 245976 del vars, 493096 del conss, 0 add conss, 99972 chg bounds, 539144 chg sides, 1076109 chg coeffs, 0 upgd conss, 0 impls, 1674 clqs
(round 8, fast)       247090 del vars, 571458 del conss, 0 add conss, 99972 chg bounds, 591956 chg sides, 1077573 chg coeffs, 0 upgd conss, 0 impls, 1674 clqs
(round 9, fast)       260131 del vars, 571478 del conss, 0 add conss, 99972 chg bounds, 591956 chg sides, 1077573 chg coeffs, 0 upgd conss, 0 impls, 1654 clqs
(round 10, exhaustive) 260131 del vars, 571490 del conss, 0 add conss, 99972 chg bounds, 591956 chg sides, 1077573 chg coeffs, 2741 upgd conss, 0 impls, 1654 clqs
   (17.7s) sparsify finished: 9/974116 (0.0%) nonzeros canceled - in total 9 canceled nonzeros, 9 changed coefficients, 0 added nonzeros
   (17.9s) probing: 52/4480 (1.2%) - 12 fixings, 0 aggregations, 0 implications, 6 bound changes
   (17.9s) probing aborted: 50/50 successive totally useless probings
   (23.4s) symmetry computation started: requiring (bin +, int -, cont +), (fixed: bin -, int +, cont -)
   (27.0s) symmetry computation finished: 964 generators found (max: 964, log10 of symmetry group size: 628.7)
   (27.0s) no symmetry on binary variables present.
(round 11, exhaustive) 260143 del vars, 571490 del conss, 4220 add conss, 99978 chg bounds, 591956 chg sides, 1077582 chg coeffs, 2741 upgd conss, 0 impls, 1654 clqs
presolving (11 rounds: 11 fast, 3 medium, 3 exhaustive):
 260143 deleted vars, 571490 deleted constraints, 4220 added constraints, 99978 tightened bounds, 0 added holes, 591956 changed sides, 1077582 changed coefficients
 0 implications, 1654 cliques
presolving was interrupted.
Presolving Time: 27.37

SCIP Status        : solving was interrupted [time limit reached]
Solving Time (sec) : 30.00
Solving Nodes      : 0
Primal Bound       : +1.00000000000000e+20 (0 solutions)
OTHER_STATUS
Execute success
