Reading edges
Reading pairs
Solving problem
SCIP
mip_gap: 0
branching: default (relpscost)
seed: 0
pairs size: 18
nodes size: 36
edges size: 55
copy   num: 4
Solving...
presolving:
(round 1, fast)       1270 del vars, 2650 del conss, 0 add conss, 792 chg bounds, 4056 chg sides, 9288 chg coeffs, 0 upgd conss, 0 impls, 114 clqs
(round 2, fast)       1518 del vars, 2750 del conss, 0 add conss, 844 chg bounds, 4056 chg sides, 9288 chg coeffs, 0 upgd conss, 0 impls, 114 clqs
(round 3, fast)       1523 del vars, 2771 del conss, 0 add conss, 844 chg bounds, 4056 chg sides, 9288 chg coeffs, 0 upgd conss, 0 impls, 114 clqs
(round 4, fast)       1534 del vars, 2782 del conss, 0 add conss, 844 chg bounds, 4056 chg sides, 9288 chg coeffs, 0 upgd conss, 0 impls, 114 clqs
(round 5, fast)       1534 del vars, 2782 del conss, 0 add conss, 868 chg bounds, 4056 chg sides, 9288 chg coeffs, 0 upgd conss, 0 impls, 114 clqs
(round 6, fast)       1546 del vars, 2806 del conss, 0 add conss, 868 chg bounds, 4056 chg sides, 9288 chg coeffs, 0 upgd conss, 0 impls, 114 clqs
(round 7, exhaustive) 1546 del vars, 2806 del conss, 0 add conss, 868 chg bounds, 4056 chg sides, 9288 chg coeffs, 189 upgd conss, 0 impls, 114 clqs
   (0.1s) probing: 51/488 (10.5%) - 0 fixings, 0 aggregations, 0 implications, 0 bound changes
   (0.1s) probing aborted: 50/50 successive totally useless probings
   (0.2s) symmetry computation started: requiring (bin +, int -, cont +), (fixed: bin -, int +, cont -)
   (0.2s) no symmetry present
presolving (8 rounds: 8 fast, 2 medium, 2 exhaustive):
 1546 deleted vars, 2806 deleted constraints, 0 added constraints, 868 tightened bounds, 0 added holes, 4056 changed sides, 9288 changed coefficients
 0 implications, 114 cliques
presolved problem has 2080 variables (488 bin, 0 int, 0 impl, 1592 cont) and 5557 constraints
      3 constraints of type <knapsack>
    114 constraints of type <setppc>
   5368 constraints of type <linear>
     72 constraints of type <logicor>
Presolving Time: 0.17

 time | node  | left  |LP iter|LP it/n|mem/heur|mdpt |vars |cons |rows |cuts |sepa|confs|strbr|  dualbound   | primalbound  |  gap   | compl. 
  0.3s|     1 |     0 |  2525 |     - |    35M |   0 |2080 |5562 |5557 |   0 |  0 |   4 |   0 | 3.579600e-03 |      --      |    Inf | unknown
  0.6s|     1 |     0 |  3090 |     - |    36M |   0 |2080 |5562 |5558 |   1 |  1 |   4 |   0 | 3.579600e-03 |      --      |    Inf | unknown
  0.6s|     1 |     0 |  3108 |     - |    37M |   0 |2080 |5562 |5560 |   3 |  2 |   4 |   0 | 3.579600e-03 |      --      |    Inf | unknown
  0.7s|     1 |     0 |  3114 |     - |    38M |   0 |2080 |5562 |5561 |   4 |  3 |   4 |   0 | 3.579600e-03 |      --      |    Inf | unknown
  0.7s|     1 |     0 |  3116 |     - |    39M |   0 |2080 |5562 |5562 |   5 |  4 |   4 |   0 | 3.579600e-03 |      --      |    Inf | unknown
  0.7s|     1 |     0 |  3127 |     - |    39M |   0 |2080 |5562 |5563 |   6 |  5 |   4 |   0 | 3.579600e-03 |      --      |    Inf | unknown
  0.7s|     1 |     0 |  3142 |     - |    40M |   0 |2080 |5562 |5564 |   7 |  6 |   4 |   0 | 3.579600e-03 |      --      |    Inf | unknown
  0.8s|     1 |     0 |  3161 |     - |    41M |   0 |2080 |5562 |5565 |   8 |  7 |   4 |   0 | 3.579600e-03 |      --      |    Inf | unknown
  1.2s|     1 |     2 |  3658 |     - |    42M |   0 |2080 |5564 |5565 |   8 |  9 |   6 |  26 | 3.579600e-03 |      --      |    Inf | unknown
r 1.8s|     8 |     0 |  3725 | 274.4 |ziroundi|   7 |2080 |5564 |5558 |   8 |  1 |   6 |  83 | 3.579600e-03 | 3.579600e-03 |   0.00%| 100.00%

SCIP Status        : problem is solved [optimal solution found]
Solving Time (sec) : 1.79
Solving Nodes      : 8
Primal Bound       : +3.57960000000000e-03 (1 solutions)
Dual Bound         : +3.57960000000000e-03
Gap                : 0.00 %
OPTIMAL
Solution:
Objective value = 0.0035796
Checking cycles
No cycle
Total best res: 0.0040097
Outputing results
Execute success
