Reading edges
Reading pairs
Solving problem
SCIP
mip_gap: 0
branching: default (relpscost)
seed: 0
pairs size: 6
nodes size: 14
edges size: 17
copy   num: 4
Solving...
presolving:
(round 1, fast)       157 del vars, 373 del conss, 0 add conss, 120 chg bounds, 440 chg sides, 792 chg coeffs, 0 upgd conss, 0 impls, 38 clqs
(round 2, fast)       214 del vars, 426 del conss, 0 add conss, 142 chg bounds, 440 chg sides, 792 chg coeffs, 0 upgd conss, 0 impls, 38 clqs
(round 3, fast)       220 del vars, 445 del conss, 0 add conss, 142 chg bounds, 440 chg sides, 792 chg coeffs, 0 upgd conss, 0 impls, 38 clqs
(round 4, fast)       227 del vars, 452 del conss, 0 add conss, 142 chg bounds, 440 chg sides, 792 chg coeffs, 0 upgd conss, 0 impls, 38 clqs
(round 5, fast)       227 del vars, 452 del conss, 0 add conss, 158 chg bounds, 440 chg sides, 792 chg coeffs, 0 upgd conss, 0 impls, 38 clqs
(round 6, fast)       235 del vars, 468 del conss, 0 add conss, 158 chg bounds, 440 chg sides, 792 chg coeffs, 0 upgd conss, 0 impls, 38 clqs
(round 7, exhaustive) 235 del vars, 468 del conss, 0 add conss, 158 chg bounds, 440 chg sides, 792 chg coeffs, 65 upgd conss, 0 impls, 38 clqs
   (0.0s) probing: 51/144 (35.4%) - 0 fixings, 0 aggregations, 0 implications, 0 bound changes
   (0.0s) probing aborted: 50/50 successive totally useless probings
   (0.0s) symmetry computation started: requiring (bin +, int -, cont +), (fixed: bin -, int +, cont -)
   (0.0s) no symmetry present
presolving (8 rounds: 8 fast, 2 medium, 2 exhaustive):
 235 deleted vars, 468 deleted constraints, 0 added constraints, 158 tightened bounds, 0 added holes, 440 changed sides, 792 changed coefficients
 0 implications, 38 cliques
presolved problem has 287 variables (144 bin, 0 int, 0 impl, 143 cont) and 555 constraints
      3 constraints of type <knapsack>
     38 constraints of type <setppc>
    490 constraints of type <linear>
     24 constraints of type <logicor>
Presolving Time: 0.02

 time | node  | left  |LP iter|LP it/n|mem/heur|mdpt |vars |cons |rows |cuts |sepa|confs|strbr|  dualbound   | primalbound  |  gap   | compl. 
  0.0s|     1 |     0 |   171 |     - |  5966k |   0 | 287 | 562 | 555 |   0 |  0 |   6 |   0 | 9.725000e-04 |      --      |    Inf | unknown
r 0.0s|     1 |     0 |   171 |     - |shifting|   0 | 287 | 562 | 555 |   0 |  0 |   6 |   0 | 9.725000e-04 | 9.725000e-04 |   0.00%| unknown
  0.0s|     1 |     0 |   171 |     - |  5973k |   0 | 287 | 562 | 555 |   0 |  0 |   6 |   0 | 9.725000e-04 | 9.725000e-04 |   0.00%| unknown

SCIP Status        : problem is solved [optimal solution found]
Solving Time (sec) : 0.04
Solving Nodes      : 1
Primal Bound       : +9.72500000000000e-04 (1 solutions)
Dual Bound         : +9.72500000000000e-04
Gap                : 0.00 %
OPTIMAL
Solution:
Objective value = 0.0009725
Checking cycles
No cycle
Total best res: 0.0011007
Outputing results
Execute success
