Reading edges
Reading pairs
Solving problem
SCIP
mip_gap: 0
branching: default (relpscost)
seed: 0
pairs size: 45
nodes size: 80
edges size: 139
copy   num: 4
Solving...
presolving:
(round 1, fast)       7425 del vars, 13539 del conss, 0 add conss, 3600 chg bounds, 25256 chg sides, 63720 chg coeffs, 0 upgd conss, 0 impls, 281 clqs
(round 2, fast)       8418 del vars, 13854 del conss, 0 add conss, 3694 chg bounds, 25256 chg sides, 63720 chg coeffs, 0 upgd conss, 0 impls, 281 clqs
(round 3, fast)       8463 del vars, 13858 del conss, 0 add conss, 3694 chg bounds, 25256 chg sides, 63720 chg coeffs, 0 upgd conss, 0 impls, 281 clqs
(round 4, exhaustive) 8467 del vars, 13886 del conss, 0 add conss, 3742 chg bounds, 25256 chg sides, 63720 chg coeffs, 464 upgd conss, 0 impls, 281 clqs
(round 5, fast)       8491 del vars, 13910 del conss, 0 add conss, 3742 chg bounds, 25256 chg sides, 63720 chg coeffs, 464 upgd conss, 0 impls, 281 clqs
   (0.8s) probing: 51/1244 (4.1%) - 0 fixings, 0 aggregations, 0 implications, 0 bound changes
   (0.8s) probing aborted: 50/50 successive totally useless probings
   (1.2s) symmetry computation started: requiring (bin +, int -, cont +), (fixed: bin -, int +, cont -)
   (1.3s) no symmetry present
presolving (6 rounds: 6 fast, 2 medium, 2 exhaustive):
 8491 deleted vars, 13910 deleted constraints, 0 added constraints, 3742 tightened bounds, 0 added holes, 25256 changed sides, 63720 changed coefficients
 0 implications, 281 cliques
presolved problem has 11886 variables (1244 bin, 0 int, 0 impl, 10642 cont) and 35765 constraints
      3 constraints of type <knapsack>
    281 constraints of type <setppc>
  35301 constraints of type <linear>
    180 constraints of type <logicor>
Presolving Time: 1.20

 time | node  | left  |LP iter|LP it/n|mem/heur|mdpt |vars |cons |rows |cuts |sepa|confs|strbr|  dualbound   | primalbound  |  gap   | compl. 
  2.9s|     1 |     0 | 22952 |     - |   221M |   0 |  11k|  35k|  35k|   0 |  0 |   4 |   0 | 1.180540e-02 |      --      |    Inf | unknown
o 4.7s|     1 |     0 | 24623 |     - |feaspump|   0 |  11k|  35k|  35k|   0 |  0 |   4 |   0 | 1.180540e-02 | 1.233681e-02 |   4.50%| unknown
  4.9s|     1 |     0 | 24636 |     - |   228M |   0 |  11k|  35k|  35k|   3 |  1 |   4 |   0 | 1.180540e-02 | 1.233681e-02 |   4.50%| unknown
  5.2s|     1 |     0 | 24644 |     - |   234M |   0 |  11k|  35k|  35k|   4 |  2 |   4 |   0 | 1.180540e-02 | 1.233681e-02 |   4.50%| unknown
  5.4s|     1 |     0 | 24652 |     - |   241M |   0 |  11k|  35k|  35k|   6 |  3 |   4 |   0 | 1.180540e-02 | 1.233681e-02 |   4.50%| unknown
  5.6s|     1 |     0 | 24681 |     - |   246M |   0 |  11k|  35k|  35k|   9 |  4 |   4 |   0 | 1.180540e-02 | 1.233681e-02 |   4.50%| unknown
  5.9s|     1 |     0 | 24696 |     - |   252M |   0 |  11k|  35k|  35k|  10 |  5 |   4 |   0 | 1.180540e-02 | 1.233681e-02 |   4.50%| unknown
  6.1s|     1 |     0 | 24739 |     - |   258M |   0 |  11k|  35k|  35k|  12 |  6 |   4 |   0 | 1.180540e-02 | 1.233681e-02 |   4.50%| unknown
  6.4s|     1 |     0 | 24761 |     - |   264M |   0 |  11k|  35k|  35k|  13 |  7 |   4 |   0 | 1.180540e-02 | 1.233681e-02 |   4.50%| unknown
  6.6s|     1 |     0 | 24765 |     - |   269M |   0 |  11k|  35k|  35k|  14 |  8 |   4 |   0 | 1.180540e-02 | 1.233681e-02 |   4.50%| unknown
  6.9s|     1 |     0 | 24769 |     - |   276M |   0 |  11k|  35k|  35k|  15 |  9 |   4 |   0 | 1.180540e-02 | 1.233681e-02 |   4.50%| unknown
  7.1s|     1 |     0 | 24778 |     - |   282M |   0 |  11k|  35k|  35k|  16 | 10 |   4 |   0 | 1.180540e-02 | 1.233681e-02 |   4.50%| unknown
  7.3s|     1 |     0 | 24786 |     - |   286M |   0 |  11k|  35k|  35k|  17 | 11 |   4 |   0 | 1.180540e-02 | 1.233681e-02 |   4.50%| unknown
 10.2s|     1 |     2 | 26007 |     - |   289M |   0 |  11k|  35k|  35k|  17 | 11 |   4 |  21 | 1.180540e-02 | 1.233681e-02 |   4.50%| unknown

SCIP Status        : solving was interrupted [time limit reached]
Solving Time (sec) : 30.01
Solving Nodes      : 19
Primal Bound       : +1.23368088000000e-02 (1 solutions)
Dual Bound         : +1.18054000000000e-02
Gap                : 4.50 %
OTHER_STATUS
Solution:
Objective value = 0.0123368
Execute success
