Reading edges
Reading pairs
Solving problem
SCIP
mip_gap: 0
branching: default (relpscost)
seed: 0
pairs size: 18
nodes size: 36
edges size: 55
copy   num: 4
Solving...
presolving:
(round 1, fast)       1323 del vars, 2703 del conss, 0 add conss, 792 chg bounds, 4056 chg sides, 9288 chg coeffs, 0 upgd conss, 0 impls, 114 clqs
(round 2, fast)       1572 del vars, 2836 del conss, 0 add conss, 846 chg bounds, 4056 chg sides, 9288 chg coeffs, 0 upgd conss, 0 impls, 114 clqs
(round 3, fast)       1587 del vars, 2882 del conss, 0 add conss, 846 chg bounds, 4056 chg sides, 9288 chg coeffs, 0 upgd conss, 0 impls, 114 clqs
(round 4, fast)       1595 del vars, 2890 del conss, 0 add conss, 846 chg bounds, 4056 chg sides, 9288 chg coeffs, 0 upgd conss, 0 impls, 114 clqs
(round 5, fast)       1595 del vars, 2890 del conss, 0 add conss, 870 chg bounds, 4056 chg sides, 9288 chg coeffs, 0 upgd conss, 0 impls, 114 clqs
(round 6, fast)       1607 del vars, 2914 del conss, 0 add conss, 870 chg bounds, 4056 chg sides, 9288 chg coeffs, 0 upgd conss, 0 impls, 114 clqs
(round 7, exhaustive) 1607 del vars, 2914 del conss, 0 add conss, 870 chg bounds, 4056 chg sides, 9288 chg coeffs, 189 upgd conss, 0 impls, 114 clqs
   (0.1s) probing: 51/488 (10.5%) - 0 fixings, 0 aggregations, 0 implications, 0 bound changes
   (0.1s) probing aborted: 50/50 successive totally useless probings
   (0.2s) symmetry computation started: requiring (bin +, int -, cont +), (fixed: bin -, int +, cont -)
   (0.2s) no symmetry present
presolving (8 rounds: 8 fast, 2 medium, 2 exhaustive):
 1607 deleted vars, 2914 deleted constraints, 0 added constraints, 870 tightened bounds, 0 added holes, 4056 changed sides, 9288 changed coefficients
 0 implications, 114 cliques
presolved problem has 2019 variables (488 bin, 0 int, 0 impl, 1531 cont) and 5449 constraints
      3 constraints of type <knapsack>
    114 constraints of type <setppc>
   5260 constraints of type <linear>
     72 constraints of type <logicor>
Presolving Time: 0.16

 time | node  | left  |LP iter|LP it/n|mem/heur|mdpt |vars |cons |rows |cuts |sepa|confs|strbr|  dualbound   | primalbound  |  gap   | compl. 
  0.3s|     1 |     0 |  2472 |     - |    35M |   0 |2019 |5454 |5449 |   0 |  0 |   4 |   0 | 3.805600e-03 |      --      |    Inf | unknown
  0.5s|     1 |     0 |  2951 |     - |    36M |   0 |2019 |5454 |5450 |   1 |  1 |   4 |   0 | 3.805600e-03 |      --      |    Inf | unknown
  0.6s|     1 |     0 |  2953 |     - |    37M |   0 |2019 |5454 |5451 |   2 |  2 |   4 |   0 | 3.805600e-03 |      --      |    Inf | unknown
  0.6s|     1 |     0 |  2988 |     - |    37M |   0 |2019 |5454 |5452 |   3 |  3 |   4 |   0 | 3.805600e-03 |      --      |    Inf | unknown
  0.6s|     1 |     0 |  3008 |     - |    38M |   0 |2019 |5454 |5454 |   5 |  4 |   4 |   0 | 3.805600e-03 |      --      |    Inf | unknown
  0.7s|     1 |     0 |  3027 |     - |    39M |   0 |2019 |5454 |5456 |   7 |  5 |   4 |   0 | 3.805600e-03 |      --      |    Inf | unknown
  0.7s|     1 |     0 |  3043 |     - |    40M |   0 |2019 |5454 |5458 |   9 |  6 |   4 |   0 | 3.805600e-03 |      --      |    Inf | unknown
  0.7s|     1 |     0 |  3057 |     - |    41M |   0 |2019 |5454 |5461 |  12 |  7 |   4 |   0 | 3.805600e-03 |      --      |    Inf | unknown
  0.8s|     1 |     0 |  3064 |     - |    42M |   0 |2019 |5454 |5463 |  14 |  8 |   4 |   0 | 3.805600e-03 |      --      |    Inf | unknown
  0.8s|     1 |     0 |  3077 |     - |    43M |   0 |2019 |5454 |5466 |  17 |  9 |   4 |   0 | 3.805600e-03 |      --      |    Inf | unknown
  0.8s|     1 |     0 |  3079 |     - |    43M |   0 |2019 |5454 |5467 |  18 | 10 |   4 |   0 | 3.805600e-03 |      --      |    Inf | unknown
  0.9s|     1 |     0 |  3090 |     - |    44M |   0 |2019 |5454 |5469 |  20 | 11 |   4 |   0 | 3.805600e-03 |      --      |    Inf | unknown
L 1.0s|     1 |     0 |  3090 |     - |    rens|   0 |2019 |5454 |5469 |  20 | 11 |   4 |   0 | 3.805600e-03 | 3.805600e-03 |   0.00%| unknown
  1.0s|     1 |     0 |  3090 |     - |    44M |   0 |2019 |5454 |5469 |  20 | 11 |   4 |   0 | 3.805600e-03 | 3.805600e-03 |   0.00%| unknown

SCIP Status        : problem is solved [optimal solution found]
Solving Time (sec) : 1.01
Solving Nodes      : 1
Primal Bound       : +3.80560000000000e-03 (1 solutions)
Dual Bound         : +3.80560000000000e-03
Gap                : 0.00 %
OPTIMAL
Solution:
Objective value = 0.0038056
Checking cycles
No cycle
Total best res: 0.0042605
Outputing results
Execute success
