Reading edges
Reading pairs
Solving problem
SCIP
mip_gap: 0
branching: default (relpscost)
seed: 0
pairs size: 18
nodes size: 36
edges size: 55
copy   num: 4
Solving...
presolving:
(round 1, fast)       1327 del vars, 2707 del conss, 0 add conss, 792 chg bounds, 4056 chg sides, 9288 chg coeffs, 0 upgd conss, 0 impls, 114 clqs
(round 2, fast)       1572 del vars, 2800 del conss, 0 add conss, 838 chg bounds, 4056 chg sides, 9288 chg coeffs, 0 upgd conss, 0 impls, 114 clqs
(round 3, fast)       1577 del vars, 2819 del conss, 0 add conss, 838 chg bounds, 4056 chg sides, 9288 chg coeffs, 0 upgd conss, 0 impls, 114 clqs
(round 4, fast)       1582 del vars, 2824 del conss, 0 add conss, 838 chg bounds, 4056 chg sides, 9288 chg coeffs, 0 upgd conss, 0 impls, 114 clqs
(round 5, fast)       1582 del vars, 2824 del conss, 0 add conss, 862 chg bounds, 4056 chg sides, 9288 chg coeffs, 0 upgd conss, 0 impls, 114 clqs
(round 6, fast)       1594 del vars, 2848 del conss, 0 add conss, 862 chg bounds, 4056 chg sides, 9288 chg coeffs, 0 upgd conss, 0 impls, 114 clqs
(round 7, exhaustive) 1594 del vars, 2848 del conss, 0 add conss, 862 chg bounds, 4056 chg sides, 9288 chg coeffs, 189 upgd conss, 0 impls, 114 clqs
   (0.1s) probing: 51/488 (10.5%) - 0 fixings, 0 aggregations, 0 implications, 0 bound changes
   (0.1s) probing aborted: 50/50 successive totally useless probings
   (0.2s) symmetry computation started: requiring (bin +, int -, cont +), (fixed: bin -, int +, cont -)
   (0.2s) no symmetry present
presolving (8 rounds: 8 fast, 2 medium, 2 exhaustive):
 1594 deleted vars, 2848 deleted constraints, 0 added constraints, 862 tightened bounds, 0 added holes, 4056 changed sides, 9288 changed coefficients
 0 implications, 114 cliques
presolved problem has 2032 variables (488 bin, 0 int, 0 impl, 1544 cont) and 5515 constraints
      3 constraints of type <knapsack>
    114 constraints of type <setppc>
   5326 constraints of type <linear>
     72 constraints of type <logicor>
Presolving Time: 0.17

 time | node  | left  |LP iter|LP it/n|mem/heur|mdpt |vars |cons |rows |cuts |sepa|confs|strbr|  dualbound   | primalbound  |  gap   | compl. 
  0.3s|     1 |     0 |  2250 |     - |    35M |   0 |2032 |5520 |5515 |   0 |  0 |   4 |   0 | 3.656900e-03 |      --      |    Inf | unknown
o 0.3s|     1 |     0 |  2500 |     - |feaspump|   0 |2032 |5520 |5515 |   0 |  0 |   4 |   0 | 3.656900e-03 | 3.726389e-03 |   1.90%| unknown
  0.3s|     1 |     0 |  2512 |     - |    36M |   0 |2032 |5520 |5517 |   2 |  1 |   4 |   0 | 3.656900e-03 | 3.726389e-03 |   1.90%| unknown
  0.4s|     1 |     0 |  2529 |     - |    37M |   0 |2032 |5520 |5519 |   4 |  2 |   4 |   0 | 3.656900e-03 | 3.726389e-03 |   1.90%| unknown
  0.4s|     1 |     0 |  2535 |     - |    38M |   0 |2032 |5520 |5520 |   5 |  3 |   4 |   0 | 3.656900e-03 | 3.726389e-03 |   1.90%| unknown
  0.4s|     1 |     0 |  2541 |     - |    39M |   0 |2032 |5520 |5522 |   7 |  4 |   4 |   0 | 3.656900e-03 | 3.726389e-03 |   1.90%| unknown
  0.5s|     1 |     0 |  2558 |     - |    40M |   0 |2032 |5520 |5523 |   8 |  5 |   4 |   0 | 3.656900e-03 | 3.726389e-03 |   1.90%| unknown
  0.5s|     1 |     0 |  2566 |     - |    42M |   0 |2032 |5520 |5525 |  10 |  6 |   4 |   0 | 3.656900e-03 | 3.726389e-03 |   1.90%| unknown
  0.6s|     1 |     0 |  2574 |     - |    43M |   0 |2032 |5520 |5527 |  12 |  7 |   4 |   0 | 3.656900e-03 | 3.726389e-03 |   1.90%| unknown
  0.6s|     1 |     0 |  2584 |     - |    45M |   0 |2032 |5520 |5529 |  14 |  8 |   4 |   0 | 3.656900e-03 | 3.726389e-03 |   1.90%| unknown
  0.7s|     1 |     0 |  2591 |     - |    45M |   0 |2032 |5520 |5530 |  15 |  9 |   4 |   0 | 3.656900e-03 | 3.726389e-03 |   1.90%| unknown
  0.7s|     1 |     0 |  2594 |     - |    47M |   0 |2032 |5520 |5531 |  16 | 10 |   4 |   0 | 3.656900e-03 | 3.726389e-03 |   1.90%| unknown
  0.8s|     1 |     0 |  2601 |     - |    48M |   0 |2032 |5520 |5532 |  17 | 11 |   4 |   0 | 3.656900e-03 | 3.726389e-03 |   1.90%| unknown
L 0.9s|     1 |     0 |  2601 |     - |    rens|   0 |2032 |5520 |5532 |  17 | 11 |   4 |   0 | 3.656900e-03 | 3.656900e-03 |   0.00%| unknown
  0.9s|     1 |     0 |  2601 |     - |    48M |   0 |2032 |5520 |5532 |  17 | 11 |   4 |   0 | 3.656900e-03 | 3.656900e-03 |   0.00%| unknown

SCIP Status        : problem is solved [optimal solution found]
Solving Time (sec) : 0.90
Solving Nodes      : 1
Primal Bound       : +3.65690000000000e-03 (2 solutions)
Dual Bound         : +3.65690000000000e-03
Gap                : 0.00 %
OPTIMAL
Solution:
Objective value = 0.0036569
Checking cycles
No cycle
Total best res: 0.0040706
Outputing results
Execute success
