nohup: ignoring input
[2026-08-08 18:35:16] C0 Prim decomposition start
phase8 runner: jobs=30 workers=4 cuda_devices=0 default_time_limit=300.0 max_concurrent_large=2
[1/30] production-scip real_01 gcnn seed=1 tl=600s rc=0
[2/30] production-scip real_01 z-bias seed=1 tl=600s rc=0
[3/30] production-scip real_01 z-bias seed=0 tl=600s rc=0
[4/30] production-scip real_01 root-z-bias seed=1 tl=600s rc=0
[5/30] production-scip real_01 gcnn seed=0 tl=600s rc=0
[6/30] production-scip real_01 full-prim seed=1 tl=600s rc=0
[7/30] production-scip real_01 full-prim seed=0 tl=600s rc=0
[8/30] production-scip real_01 topology-only seed=0 tl=600s rc=0
[9/30] production-scip real_01 topology-only seed=1 tl=600s rc=0
[10/30] production-scip real_01 root-z-bias seed=0 tl=600s rc=0
[11/30] production-scip real_05 gcnn seed=0 tl=600s rc=0
[12/30] production-scip real_05 z-bias seed=0 tl=600s rc=0
[13/30] production-scip real_05 z-bias seed=1 tl=600s rc=0
[14/30] production-scip real_05 root-z-bias seed=1 tl=600s rc=0
[15/30] production-scip real_05 root-z-bias seed=0 tl=600s rc=0
[16/30] production-scip real_05 gcnn seed=1 tl=600s rc=0
[17/30] production-scip real_05 full-prim seed=1 tl=600s rc=0
[18/30] production-scip real_05 topology-only seed=1 tl=600s rc=0
[19/30] production-scip real_08 gcnn seed=1 tl=300s rc=0
[20/30] production-scip real_08 z-bias seed=0 tl=300s rc=0
[21/30] production-scip real_08 gcnn seed=0 tl=300s rc=0
[22/30] production-scip real_08 z-bias seed=1 tl=300s rc=0
[23/30] production-scip real_08 root-z-bias seed=0 tl=300s rc=0
[24/30] production-scip real_08 root-z-bias seed=1 tl=300s rc=0
[25/30] production-scip real_08 full-prim seed=1 tl=300s rc=0
[26/30] production-scip real_05 full-prim seed=0 tl=600s rc=0
[27/30] production-scip real_08 full-prim seed=0 tl=300s rc=0
[28/30] production-scip real_08 topology-only seed=1 tl=300s rc=0
[29/30] production-scip real_08 topology-only seed=0 tl=300s rc=0
[30/30] production-scip real_05 topology-only seed=0 tl=600s rc=0
completed=30 failures=0
{
  "passed": true,
  "runs": 30,
  "status_counts": {
    "optimal": 30
  },
  "instances_with_optimal_reference": [
    "real_01",
    "real_05",
    "real_08"
  ],
  "rl_branch_decisions": 0,
  "errors": []
}
Wrote results/c0_prim_decomposition/C0_PRIM_DECOMPOSITION.md
CLAIM=TOPOLOGY_CONNECTIVITY
Wrote results/c0_audit/C0_AUDIT_REPORT.md (1263 decisions)
[2026-08-08 18:41:11] C0 Prim decomposition DONE
Reports:
  results/c0_prim_decomposition/C0_PRIM_DECOMPOSITION.md
  results/c0_audit/C0_AUDIT_REPORT.md
