{
  "run_name": "bipartite_gcnn_prim_feat_pilot_seed2",
  "gradient_steps": 3000,
  "optimizer_steps": 3000,
  "episodes": 53,
  "replay_size": 256,
  "replay_medium_count": 224,
  "replay_large_count": 32,
  "replay_evictions_by_count": 516,
  "replay_evictions_by_bytes": 0,
  "mix_16_0": 2400,
  "mix_12_4": 600,
  "stop_reason": "gradient_steps",
  "stage_a_steps": 2400,
  "stage_b_steps": 600,
  "selection_rule": "neg_solved_rate, mean_pdi, mean_final_gap, mean_par2, mean_lp, mean_nodes, earlier_gradient_step, lower_seed",
  "best_selection": {
    "rule": "neg_solved_rate, mean_pdi, mean_final_gap, mean_par2, mean_lp, mean_nodes, earlier_gradient_step, lower_seed",
    "gradient_step": 2028,
    "seed": 2,
    "solved_rate": 1.0,
    "mean_pdi": Infinity,
    "mean_final_gap": 0.0,
    "mean_par2": 8.848901,
    "mean_lp": 8436.0,
    "mean_nodes": 1.0
  },
  "bootstrap_target_updates": 3000,
  "wall_time": 4294.321755850688,
  "device": "cuda",
  "torch_version": "2.5.1+cu121",
  "loss_mode": "scalar",
  "normalization_path": "/data/hanchengcheng/hcc_1/du/cable_harness_prim_gcnn/results/probes/shared_normalization.json",
  "normalization_sha256": "62d8ce546167a50d23c79389609a91d88eae351a7f83d76f8f11284eaa31cc24",
  "normalization_source": "shared",
  "evaluation": [
    {
      "method": "random",
      "instance": "data/instances/validation/real_08.cip",
      "seed": 100,
      "policy_seed": 2010117,
      "status": "optimal",
      "nodes": 1,
      "solving_time": 9.205553,
      "reward": 0.0,
      "transitions": 0,
      "mean_rank": 0.0,
      "inference_time": 0.0,
      "pdi": Infinity,
      "final_gap": 0.0,
      "par2": 9.205553,
      "first_solution_time": 9.205553,
      "solved": 1.0,
      "lp_iterations": 8436,
      "node_reward": 0.0,
      "lp_reward": 0.0,
      "total_reward": 0.0,
      "reward_identity_ok": true,
      "trainer_truncated": false
    },
    {
      "method": "untrained",
      "instance": "data/instances/validation/real_08.cip",
      "seed": 100,
      "policy_seed": 2010129,
      "status": "optimal",
      "nodes": 1,
      "solving_time": 9.446656,
      "reward": 0.0,
      "transitions": 0,
      "mean_rank": 0.0,
      "inference_time": 0.0,
      "pdi": Infinity,
      "final_gap": 0.0,
      "par2": 9.446656,
      "first_solution_time": 9.446656,
      "solved": 1.0,
      "lp_iterations": 8436,
      "node_reward": 0.0,
      "lp_reward": 0.0,
      "total_reward": 0.0,
      "reward_identity_ok": true,
      "trainer_truncated": false
    },
    {
      "method": "rl",
      "instance": "data/instances/validation/real_08.cip",
      "seed": 100,
      "policy_seed": 2010143,
      "status": "optimal",
      "nodes": 1,
      "solving_time": 9.132044,
      "reward": 0.0,
      "transitions": 0,
      "mean_rank": 0.0,
      "inference_time": 0.0,
      "pdi": Infinity,
      "final_gap": 0.0,
      "par2": 9.132044,
      "first_solution_time": 9.132044,
      "solved": 1.0,
      "lp_iterations": 8436,
      "node_reward": 0.0,
      "lp_reward": 0.0,
      "total_reward": 0.0,
      "reward_identity_ok": true,
      "trainer_truncated": false
    },
    {
      "method": "random",
      "instance": "data/instances/validation/real_08.cip",
      "seed": 101,
      "policy_seed": 2010218,
      "status": "timelimit",
      "nodes": 56,
      "solving_time": 60.817683,
      "reward": -55.20310000000002,
      "transitions": 55,
      "mean_rank": 0.0,
      "inference_time": 0.0,
      "pdi": Infinity,
      "final_gap": 0.31715071628468317,
      "par2": 120.0,
      "first_solution_time": 36.487427,
      "solved": 0.0,
      "lp_iterations": 13578,
      "node_reward": -55.0,
      "lp_reward": -0.20309999999999995,
      "total_reward": -55.20310000000002,
      "reward_identity_ok": true,
      "trainer_truncated": true
    },
    {
      "method": "untrained",
      "instance": "data/instances/validation/real_08.cip",
      "seed": 101,
      "policy_seed": 2010230,
      "status": "timelimit",
      "nodes": 56,
      "solving_time": 60.519105,
      "reward": -55.3587,
      "transitions": 54,
      "mean_rank": 1.0,
      "inference_time": 0.42977718636393547,
      "pdi": Infinity,
      "final_gap": 0.18526364686176824,
      "par2": 120.0,
      "first_solution_time": 43.12092,
      "solved": 0.0,
      "lp_iterations": 15134,
      "node_reward": -55.0,
      "lp_reward": -0.35869999999999996,
      "total_reward": -55.3587,
      "reward_identity_ok": true,
      "trainer_truncated": true
    },
    {
      "method": "rl",
      "instance": "data/instances/validation/real_08.cip",
      "seed": 101,
      "policy_seed": 2010244,
      "status": "optimal",
      "nodes": 51,
      "solving_time": 56.590986,
      "reward": -50.05670000000003,
      "transitions": 51,
      "mean_rank": 1.0,
      "inference_time": 0.4038271140307188,
      "pdi": Infinity,
      "final_gap": 0.0,
      "par2": 56.590986,
      "first_solution_time": 56.590986,
      "solved": 1.0,
      "lp_iterations": 12114,
      "node_reward": -50.0,
      "lp_reward": -0.056700000000000056,
      "total_reward": -50.05670000000003,
      "reward_identity_ok": true,
      "trainer_truncated": false
    },
    {
      "method": "random",
      "instance": "data/instances/validation/real_08.cip",
      "seed": 102,
      "policy_seed": 2010319,
      "status": "timelimit",
      "nodes": 40,
      "solving_time": 60.009722,
      "reward": -41.512000000000015,
      "transitions": 39,
      "mean_rank": 0.0,
      "inference_time": 0.0,
      "pdi": Infinity,
      "final_gap": 0.17636136744311867,
      "par2": 120.0,
      "first_solution_time": 21.946748,
      "solved": 0.0,
      "lp_iterations": 36654,
      "node_reward": -39.0,
      "lp_reward": -2.5120000000000005,
      "total_reward": -41.512000000000015,
      "reward_identity_ok": true,
      "trainer_truncated": true
    },
    {
      "method": "untrained",
      "instance": "data/instances/validation/real_08.cip",
      "seed": 102,
      "policy_seed": 2010331,
      "status": "timelimit",
      "nodes": 56,
      "solving_time": 60.898489,
      "reward": -55.03460000000002,
      "transitions": 53,
      "mean_rank": 1.0,
      "inference_time": 0.41363561153411865,
      "pdi": Infinity,
      "final_gap": 1e+20,
      "par2": 120.0,
      "first_solution_time": Infinity,
      "solved": 0.0,
      "lp_iterations": 11880,
      "node_reward": -55.0,
      "lp_reward": -0.0346,
      "total_reward": -55.03460000000002,
      "reward_identity_ok": true,
      "trainer_truncated": true
    },
    {
      "method": "rl",
      "instance": "data/instances/validation/real_08.cip",
      "seed": 102,
      "policy_seed": 2010345,
      "status": "timelimit",
      "nodes": 56,
      "solving_time": 60.728481,
      "reward": -55.06670000000003,
      "transitions": 55,
      "mean_rank": 1.0,
      "inference_time": 0.4286758452653885,
      "pdi": Infinity,
      "final_gap": 1e+20,
      "par2": 120.0,
      "first_solution_time": Infinity,
      "solved": 0.0,
      "lp_iterations": 12201,
      "node_reward": -55.0,
      "lp_reward": -0.06670000000000002,
      "total_reward": -55.06670000000003,
      "reward_identity_ok": true,
      "trainer_truncated": true
    }
  ],
  "deploy_retest": {},
  "r1_gate": {
    "stop_reason": "gradient_steps",
    "mix_16_0": 2400,
    "mix_12_4": 600,
    "optimizer_steps": 3000,
    "finite_metrics": true,
    "torchscript_exported": true,
    "replay_medium_count": 224,
    "replay_large_count": 32,
    "replay_evictions_by_count": 516,
    "replay_evictions_by_bytes": 0,
    "bootstrap_target_updates": 3000,
    "deploy_retest": {},
    "passed": true
  }
}
