{
  "run_name": "bipartite_gcnn_prim_feat_pilot_seed1",
  "gradient_steps": 3000,
  "optimizer_steps": 3000,
  "episodes": 58,
  "replay_size": 256,
  "replay_medium_count": 224,
  "replay_large_count": 32,
  "replay_evictions_by_count": 516,
  "replay_evictions_by_bytes": 0,
  "mix_16_0": 2400,
  "mix_12_4": 600,
  "stop_reason": "gradient_steps",
  "stage_a_steps": 2400,
  "stage_b_steps": 600,
  "selection_rule": "neg_solved_rate, mean_pdi, mean_final_gap, mean_par2, mean_lp, mean_nodes, earlier_gradient_step, lower_seed",
  "best_selection": {
    "rule": "neg_solved_rate, mean_pdi, mean_final_gap, mean_par2, mean_lp, mean_nodes, earlier_gradient_step, lower_seed",
    "gradient_step": 1516,
    "seed": 1,
    "solved_rate": 1.0,
    "mean_pdi": Infinity,
    "mean_final_gap": 0.0,
    "mean_par2": 8.962051,
    "mean_lp": 8436.0,
    "mean_nodes": 1.0
  },
  "bootstrap_target_updates": 3000,
  "wall_time": 4384.665913274512,
  "device": "cuda",
  "torch_version": "2.5.1+cu121",
  "loss_mode": "scalar",
  "normalization_path": "/data/hanchengcheng/hcc_1/du/cable_harness_prim_gcnn/results/probes/shared_normalization.json",
  "normalization_sha256": "62d8ce546167a50d23c79389609a91d88eae351a7f83d76f8f11284eaa31cc24",
  "normalization_source": "shared",
  "evaluation": [
    {
      "method": "random",
      "instance": "data/instances/validation/real_08.cip",
      "seed": 100,
      "policy_seed": 1010114,
      "status": "optimal",
      "nodes": 1,
      "solving_time": 9.509781,
      "reward": 0.0,
      "transitions": 0,
      "mean_rank": 0.0,
      "inference_time": 0.0,
      "pdi": Infinity,
      "final_gap": 0.0,
      "par2": 9.509781,
      "first_solution_time": 9.509781,
      "solved": 1.0,
      "lp_iterations": 8436,
      "node_reward": 0.0,
      "lp_reward": 0.0,
      "total_reward": 0.0,
      "reward_identity_ok": true,
      "trainer_truncated": false
    },
    {
      "method": "untrained",
      "instance": "data/instances/validation/real_08.cip",
      "seed": 100,
      "policy_seed": 1010126,
      "status": "optimal",
      "nodes": 1,
      "solving_time": 9.591373,
      "reward": 0.0,
      "transitions": 0,
      "mean_rank": 0.0,
      "inference_time": 0.0,
      "pdi": Infinity,
      "final_gap": 0.0,
      "par2": 9.591373,
      "first_solution_time": 9.591373,
      "solved": 1.0,
      "lp_iterations": 8436,
      "node_reward": 0.0,
      "lp_reward": 0.0,
      "total_reward": 0.0,
      "reward_identity_ok": true,
      "trainer_truncated": false
    },
    {
      "method": "rl",
      "instance": "data/instances/validation/real_08.cip",
      "seed": 100,
      "policy_seed": 1010140,
      "status": "optimal",
      "nodes": 1,
      "solving_time": 9.560888,
      "reward": 0.0,
      "transitions": 0,
      "mean_rank": 0.0,
      "inference_time": 0.0,
      "pdi": Infinity,
      "final_gap": 0.0,
      "par2": 9.560888,
      "first_solution_time": 9.560888,
      "solved": 1.0,
      "lp_iterations": 8436,
      "node_reward": 0.0,
      "lp_reward": 0.0,
      "total_reward": 0.0,
      "reward_identity_ok": true,
      "trainer_truncated": false
    },
    {
      "method": "random",
      "instance": "data/instances/validation/real_08.cip",
      "seed": 101,
      "policy_seed": 1010215,
      "status": "optimal",
      "nodes": 18,
      "solving_time": 26.72234,
      "reward": -17.369099999999996,
      "transitions": 18,
      "mean_rank": 0.0,
      "inference_time": 0.0,
      "pdi": Infinity,
      "final_gap": 0.0,
      "par2": 26.72234,
      "first_solution_time": 17.473896,
      "solved": 1.0,
      "lp_iterations": 15238,
      "node_reward": -17.0,
      "lp_reward": -0.36909999999999993,
      "total_reward": -17.369099999999996,
      "reward_identity_ok": true,
      "trainer_truncated": false
    },
    {
      "method": "untrained",
      "instance": "data/instances/validation/real_08.cip",
      "seed": 101,
      "policy_seed": 1010227,
      "status": "timelimit",
      "nodes": 54,
      "solving_time": 61.362975,
      "reward": -53.05940000000001,
      "transitions": 52,
      "mean_rank": 1.0,
      "inference_time": 0.41442413814365864,
      "pdi": Infinity,
      "final_gap": 1e+20,
      "par2": 120.0,
      "first_solution_time": Infinity,
      "solved": 0.0,
      "lp_iterations": 12141,
      "node_reward": -53.0,
      "lp_reward": -0.0594,
      "total_reward": -53.05940000000001,
      "reward_identity_ok": true,
      "trainer_truncated": true
    },
    {
      "method": "rl",
      "instance": "data/instances/validation/real_08.cip",
      "seed": 101,
      "policy_seed": 1010241,
      "status": "timelimit",
      "nodes": 53,
      "solving_time": 60.765145,
      "reward": -52.0493,
      "transitions": 51,
      "mean_rank": 1.0,
      "inference_time": 0.4035097025334835,
      "pdi": Infinity,
      "final_gap": 0.0004884780641070122,
      "par2": 120.0,
      "first_solution_time": 60.765145,
      "solved": 0.0,
      "lp_iterations": 12040,
      "node_reward": -52.0,
      "lp_reward": -0.04930000000000003,
      "total_reward": -52.0493,
      "reward_identity_ok": true,
      "trainer_truncated": true
    },
    {
      "method": "random",
      "instance": "data/instances/validation/real_08.cip",
      "seed": 102,
      "policy_seed": 1010316,
      "status": "timelimit",
      "nodes": 52,
      "solving_time": 60.233463,
      "reward": -51.35440000000001,
      "transitions": 51,
      "mean_rank": 0.0,
      "inference_time": 0.0,
      "pdi": Infinity,
      "final_gap": 1e+20,
      "par2": 120.0,
      "first_solution_time": Infinity,
      "solved": 0.0,
      "lp_iterations": 15078,
      "node_reward": -51.0,
      "lp_reward": -0.35439999999999994,
      "total_reward": -51.35440000000001,
      "reward_identity_ok": true,
      "trainer_truncated": true
    },
    {
      "method": "untrained",
      "instance": "data/instances/validation/real_08.cip",
      "seed": 102,
      "policy_seed": 1010328,
      "status": "timelimit",
      "nodes": 41,
      "solving_time": 60.352253,
      "reward": -42.34320000000002,
      "transitions": 40,
      "mean_rank": 1.0,
      "inference_time": 0.32324532605707645,
      "pdi": Infinity,
      "final_gap": 0.13784435243079102,
      "par2": 120.0,
      "first_solution_time": 42.093241,
      "solved": 0.0,
      "lp_iterations": 34966,
      "node_reward": -40.0,
      "lp_reward": -2.343200000000001,
      "total_reward": -42.34320000000002,
      "reward_identity_ok": true,
      "trainer_truncated": true
    },
    {
      "method": "rl",
      "instance": "data/instances/validation/real_08.cip",
      "seed": 102,
      "policy_seed": 1010342,
      "status": "timelimit",
      "nodes": 52,
      "solving_time": 60.831401,
      "reward": -51.07800000000002,
      "transitions": 51,
      "mean_rank": 1.0,
      "inference_time": 0.4589246120303869,
      "pdi": Infinity,
      "final_gap": 8.314520240133948e-05,
      "par2": 120.0,
      "first_solution_time": 50.834302,
      "solved": 0.0,
      "lp_iterations": 12314,
      "node_reward": -51.0,
      "lp_reward": -0.07799999999999999,
      "total_reward": -51.07800000000002,
      "reward_identity_ok": true,
      "trainer_truncated": true
    }
  ],
  "deploy_retest": {},
  "r1_gate": {
    "stop_reason": "gradient_steps",
    "mix_16_0": 2400,
    "mix_12_4": 600,
    "optimizer_steps": 3000,
    "finite_metrics": true,
    "torchscript_exported": true,
    "replay_medium_count": 224,
    "replay_large_count": 32,
    "replay_evictions_by_count": 516,
    "replay_evictions_by_bytes": 0,
    "bootstrap_target_updates": 3000,
    "deploy_retest": {},
    "passed": true
  }
}
